<html>
<body>
<pre>
<h1>µVision Build Log</h1>
<h2>Tool Versions:</h2>
IDE-Version: ¶ÃVision V5.30.0.0
Copyright (C) 2020 ARM Ltd and ARM Germany GmbH. All rights reserved.
License Information: 1 17812110393@163.com, 1, LIC=QF82M-X5F0G-Y85FK-ZUPE9-Q76GF-JQRIL
 
Tool Versions:
Toolchain:       MDK-ARM Plus  Version: 5.30.0.0
Toolchain Path:  D:\LenovoSoftstore\KEIK5MDK\ARM\ARMCC\Bin
C Compiler:      Armcc.exe V5.06 update 6 (build 750)
Assembler:       Armasm.exe V5.06 update 6 (build 750)
Linker/Locator:  ArmLink.exe V5.06 update 6 (build 750)
Library Manager: ArmAr.exe V5.06 update 6 (build 750)
Hex Converter:   FromElf.exe V5.06 update 6 (build 750)
CPU DLL:         SARMCM3.DLL V5.30.0.0
Dialog DLL:      DCM.DLL V1.17.3.0
Target DLL:      STLink\ST-LINKIII-KEIL_SWO.dll V3.0.7.0
Dialog DLL:      TCM.DLL V1.42.0.0
 
<h2>Project:</h2>
E:\99-±œ…Ë\00-imu\RoboMaster_slave_device-4imu\USER\Template.uvprojx
Project File Date:  04/19/2025

<h2>Output:</h2>
*** Using Compiler 'V5.06 update 6 (build 750)', folder: 'D:\LenovoSoftstore\KEIK5MDK\ARM\ARMCC\Bin'
Rebuild target 'Template'
assembling startup_stm32f427xx.s...
compiling system_stm32f4xx.c...
compiling misc.c...
compiling stm32f4xx_it.c...
compiling stm32f4xx_adc.c...
compiling stm32f4xx_can.c...
compiling main.c...
compiling time_task.c...
..\TASK\time_task.c(35): warning:  #177-D: variable "send_counter"  was declared but never referenced
  	uint32_t send_counter = 0;
..\TASK\time_task.c: 1 warning, 0 errors
compiling chasis_task.c...
compiling gun_task.c...
compiling start_task.c...
compiling gimbal_task.c...
..\TASK\gimbal_task.c(62): warning:  #223-D: function "PID_GM6020_Velocity" declared implicitly
  		GM6020_output = PID_GM6020_Velocity(GM6020_output,GripperMotor_205_t.velocity); // pid for velocity
..\TASK\gimbal_task.c(143): warning:  #223-D: function "PID_C610_Velocity" declared implicitly
  		C610_output = PID_C610_Velocity(C610_output,GripperMotor_201_t.velocity); // pid for velocity
..\TASK\gimbal_task.c: 2 warnings, 0 errors
compiling stm32f4xx_crc.c...
compiling stm32f4xx_cryp_des.c...
compiling stm32f4xx_cryp_tdes.c...
compiling stm32f4xx_cryp.c...
compiling stm32f4xx_cryp_aes.c...
compiling stm32f4xx_dac.c...
compiling stm32f4xx_dbgmcu.c...
compiling stm32f4xx_dcmi.c...
compiling stm32f4xx_exti.c...
compiling stm32f4xx_dma.c...
compiling stm32f4xx_dma2d.c...
compiling stm32f4xx_flash_ramfunc.c...
compiling stm32f4xx_fmc.c...
compiling stm32f4xx_flash.c...
compiling stm32f4xx_gpio.c...
compiling stm32f4xx_hash.c...
compiling stm32f4xx_hash_md5.c...
compiling stm32f4xx_hash_sha1.c...
compiling stm32f4xx_iwdg.c...
compiling stm32f4xx_i2c.c...
compiling stm32f4xx_pwr.c...
compiling stm32f4xx_ltdc.c...
compiling stm32f4xx_rng.c...
compiling stm32f4xx_sai.c...
compiling stm32f4xx_sdio.c...
compiling stm32f4xx_spi.c...
compiling stm32f4xx_rcc.c...
compiling stm32f4xx_rtc.c...
compiling stm32f4xx_wwdg.c...
compiling stm32f4xx_syscfg.c...
compiling stm32f4xx_usart.c...
compiling stm32f4xx_tim.c...
compiling delay.c...
compiling sys.c...
compiling imu.c...
compiling gpio.c...
compiling pwm.c...
compiling packet.c...
compiling uart1.c...
compiling can1.c...
compiling pstwo.c...
compiling uart3.c...
..\HARDWARE\uart3.c(231): warning:  #177-D: variable "motor_count"  was declared but never referenced
  										uint8_t motor_count = rx_buffer[5];        // ÁîµÊú∫Êï∞Èáè
..\HARDWARE\uart3.c(131): warning:  #177-D: variable "header_count"  was declared but never referenced
  static uint8_t header_count = 0; // Âõ∫ÂÆöÂ§?0xAA55
..\HARDWARE\uart3.c: 2 warnings, 0 errors
compiling hipnuc_dec.c...
hipnuc_dec.c(284): warning:  #1035-D: single-precision operand implicitly converted to double-precision
              raw->hi92.gyr_b[0]*(0.001*R2D), raw->hi92.gyr_b[1]*(0.001*R2D), raw->hi92.gyr_b[2]*(0.001*R2D),
hipnuc_dec.c(284): warning:  #1035-D: single-precision operand implicitly converted to double-precision
              raw->hi92.gyr_b[0]*(0.001*R2D), raw->hi92.gyr_b[1]*(0.001*R2D), raw->hi92.gyr_b[2]*(0.001*R2D),
hipnuc_dec.c(284): warning:  #1035-D: single-precision operand implicitly converted to double-precision
              raw->hi92.gyr_b[0]*(0.001*R2D), raw->hi92.gyr_b[1]*(0.001*R2D), raw->hi92.gyr_b[2]*(0.001*R2D),
hipnuc_dec.c(352): warning:  #1035-D: single-precision operand implicitly converted to double-precision
          raw->hi81.gyr_b[0]*(0.001*R2D), raw->hi81.gyr_b[1]*(0.001*R2D), raw->hi81.gyr_b[2]*(0.001*R2D),
hipnuc_dec.c(352): warning:  #1035-D: single-precision operand implicitly converted to double-precision
          raw->hi81.gyr_b[0]*(0.001*R2D), raw->hi81.gyr_b[1]*(0.001*R2D), raw->hi81.gyr_b[2]*(0.001*R2D),
hipnuc_dec.c(352): warning:  #1035-D: single-precision operand implicitly converted to double-precision
          raw->hi81.gyr_b[0]*(0.001*R2D), raw->hi81.gyr_b[1]*(0.001*R2D), raw->hi81.gyr_b[2]*(0.001*R2D),
hipnuc_dec.c: 6 warnings, 0 errors
compiling usart69050.c...
compiling lib_ascii.c...
compiling can2.c...
compiling gimbal_min_task.c...
compiling lib_math.c...
compiling lib_mem.c...
compiling bsp.c...
compiling usart7.c...
compiling usart2.c...
compiling usart8.c...
assembling lib_mem_a.asm...
assembling cpu_a.asm...
assembling os_cpu_a.asm...
compiling cpu_c.c...
compiling lib_str.c...
compiling cpu_core.c...
compiling os_dbg.c...
compiling os_cfg_app.c...
compiling os_core.c...
compiling os_flag.c...
compiling os_int.c...
compiling os_mem.c...
compiling os_cpu_c.c...
compiling os_pend_multi.c...
compiling os_prio.c...
compiling os_msg.c...
compiling os_mutex.c...
compiling os_q.c...
compiling os_sem.c...
compiling os_stat.c...
compiling os_tick.c...
compiling os_var.c...
compiling os_time.c...
compiling os_app_hooks.c...
compiling os_tmr.c...
compiling os_task.c...
linking...
Program Size: Code=33600 RO-data=1500 RW-data=704 ZI-data=18640  
".\Objects\Template.axf" - 0 Error(s), 11 Warning(s).

<h2>Software Packages used:</h2>

Package Vendor: Keil
                http://www.keil.com/pack/Keil.STM32F4xx_DFP.2.13.0.pack
                Keil.STM32F4xx_DFP.2.13.0
                STMicroelectronics STM32F4 Series Device Support, Drivers and Examples

<h2>Collection of Component include folders:</h2>
  .\RTE\_Template
  D:\LenovoSoftstore\KEIK5MDK\Arm\Packs\Keil\STM32F4xx_DFP\2.13.0\Drivers\CMSIS\Device\ST\STM32F4xx\Include

<h2>Collection of Component Files used:</h2>
Build Time Elapsed:  00:00:08
</pre>
</body>
</html>
