Component: ARM Compiler 5.06 update 6 (build 750) Tool: armlink [4d35ed]

==============================================================================

Section Cross References

    main.o(i.main) refers to misc.o(i.NVIC_PriorityGroupConfig) for NVIC_PriorityGroupConfig
    main.o(i.main) refers to usart69050.o(i.USART6_init) for USART6_init
    stm32f4xx_it.o(i.DMA2_Stream6_IRQHandler) refers to stm32f4xx_dma.o(i.DMA_Cmd) for DMA_Cmd
    system_stm32f4xx.o(i.SystemCoreClockUpdate) refers to system_stm32f4xx.o(.data) for SystemCoreClock
    system_stm32f4xx.o(i.SystemInit) refers to system_stm32f4xx.o(i.SetSysClock) for SetSysClock
    gimbal_task.o(i.C610_update_pid) refers to dflt_clz.o(x$fpl$dflt) for __aeabi_i2d
    gimbal_task.o(i.C610_update_pid) refers to dmul.o(x$fpl$dmul) for __aeabi_dmul
    gimbal_task.o(i.C610_update_pid) refers to daddsub_clz.o(x$fpl$dadd) for __aeabi_dadd
    gimbal_task.o(i.C610_update_pid) refers to dfix.o(x$fpl$dfix) for __aeabi_d2iz
    gimbal_task.o(i.C610_update_pid) refers to gimbal_task.o(i.PID_C610_Velocity) for PID_C610_Velocity
    gimbal_task.o(i.C610_update_pid) refers to can1.o(i.C610_Can_Send_Msg) for C610_Can_Send_Msg
    gimbal_task.o(i.C610_update_pid) refers to can1.o(.data) for C610_current_raw_position
    gimbal_task.o(i.C610_update_pid) refers to gimbal_task.o(.data) for C610_position_difference
    gimbal_task.o(i.C610_update_pid) refers to uart3.o(.data) for gripper_c610_position_reset_offset
    gimbal_task.o(i.GM6020_update_pid) refers to dflt_clz.o(x$fpl$dflt) for __aeabi_i2d
    gimbal_task.o(i.GM6020_update_pid) refers to dmul.o(x$fpl$dmul) for __aeabi_dmul
    gimbal_task.o(i.GM6020_update_pid) refers to daddsub_clz.o(x$fpl$dadd) for __aeabi_dadd
    gimbal_task.o(i.GM6020_update_pid) refers to dfix.o(x$fpl$dfix) for __aeabi_d2iz
    gimbal_task.o(i.GM6020_update_pid) refers to gimbal_task.o(i.PID_GM6020_Velocity) for PID_GM6020_Velocity
    gimbal_task.o(i.GM6020_update_pid) refers to can1.o(i.GM6020_Can_Send_Msg) for GM6020_Can_Send_Msg
    gimbal_task.o(i.GM6020_update_pid) refers to can1.o(.data) for GM6020_current_raw_position
    gimbal_task.o(i.GM6020_update_pid) refers to gimbal_task.o(.data) for GM6020_position_difference
    gimbal_task.o(i.GM6020_update_pid) refers to uart3.o(.data) for gripper_gm6020_position_reset_offset
    gimbal_task.o(i.Gimbal_task) refers to gimbal_task.o(i.GM6020_update_pid) for GM6020_update_pid
    gimbal_task.o(i.Gimbal_task) refers to gimbal_task.o(i.C610_update_pid) for C610_update_pid
    gimbal_task.o(i.Gimbal_task) refers to os_time.o(i.OSTimeDly) for OSTimeDly
    gimbal_task.o(i.PID_C610_Velocity) refers to gimbal_task.o(.data) for error_v
    gimbal_task.o(i.PID_GM6020_Velocity) refers to gimbal_task.o(.data) for error_v
    chasis_task.o(i.Chasis_task) refers to delay.o(i.delay_us) for delay_us
    chasis_task.o(i.Chasis_task) refers to can1.o(i.motorEnable) for motorEnable
    chasis_task.o(i.Chasis_task) refers to can1.o(i.setMotorTargetSpeed) for setMotorTargetSpeed
    chasis_task.o(i.Chasis_task) refers to can1.o(i.setMotorTargetPosition) for setMotorTargetPosition
    chasis_task.o(i.Chasis_task) refers to can1.o(i.readSnakeEncorder) for readSnakeEncorder
    chasis_task.o(i.Chasis_task) refers to can1.o(i.readSnakeSpeed) for readSnakeSpeed
    chasis_task.o(i.Chasis_task) refers to rt_memclr_w.o(.text) for __aeabi_memclr4
    chasis_task.o(i.Chasis_task) refers to uart3.o(i.calc_crc16_modbus) for calc_crc16_modbus
    chasis_task.o(i.Chasis_task) refers to stm32f4xx_usart.o(i.USART_ClearFlag) for USART_ClearFlag
    chasis_task.o(i.Chasis_task) refers to stm32f4xx_usart.o(i.USART_SendData) for USART_SendData
    chasis_task.o(i.Chasis_task) refers to stm32f4xx_usart.o(i.USART_GetFlagStatus) for USART_GetFlagStatus
    chasis_task.o(i.Chasis_task) refers to os_time.o(i.OSTimeDly) for OSTimeDly
    chasis_task.o(i.Chasis_task) refers to uart3.o(.bss) for snake_motor_position_control
    chasis_task.o(i.Chasis_task) refers to can1.o(.data) for time_counter
    chasis_task.o(i.Chasis_task) refers to uart3.o(.data) for reset_control
    chasis_task.o(i.Chasis_task) refers to can1.o(.bss) for offsetPosition_snake
    gun_task.o(i.Gun_task) refers to os_time.o(i.OSTimeDly) for OSTimeDly
    gun_task.o(i.tmr1_callback) refers to gun_task.o(.data) for continue_flag
    start_task.o(i.Init_task) refers to misc.o(i.NVIC_PriorityGroupConfig) for NVIC_PriorityGroupConfig
    start_task.o(i.Init_task) refers to gpio.o(i.User_GPIO_Init) for User_GPIO_Init
    start_task.o(i.Init_task) refers to can1.o(i.CAN1_Init) for CAN1_Init
    start_task.o(i.Init_task) refers to can2.o(i.CAN2_Init) for CAN2_Init
    start_task.o(i.Init_task) refers to uart3.o(i.TX2_USART3_Init) for TX2_USART3_Init
    start_task.o(i.Init_task) refers to usart69050.o(i.USART6_init) for USART6_init
    start_task.o(i.Init_task) refers to pwm.o(i.TIM2_PWM_Init) for TIM2_PWM_Init
[...]
    ..\\STM32\\FWLIB\\STM32F4xx_StdPeriph_Driver\\src\\stm32f4xx_ltdc.c 0x00000000   Number         0  stm32f4xx_ltdc.o ABSOLUTE
    ..\\STM32\\FWLIB\\STM32F4xx_StdPeriph_Driver\\src\\stm32f4xx_pwr.c 0x00000000   Number         0  stm32f4xx_pwr.o ABSOLUTE
    ..\\STM32\\FWLIB\\STM32F4xx_StdPeriph_Driver\\src\\stm32f4xx_rcc.c 0x00000000   Number         0  stm32f4xx_rcc.o ABSOLUTE
    ..\\STM32\\FWLIB\\STM32F4xx_StdPeriph_Driver\\src\\stm32f4xx_rng.c 0x00000000   Number         0  stm32f4xx_rng.o ABSOLUTE
    ..\\STM32\\FWLIB\\STM32F4xx_StdPeriph_Driver\\src\\stm32f4xx_rtc.c 0x00000000   Number         0  stm32f4xx_rtc.o ABSOLUTE
    ..\\STM32\\FWLIB\\STM32F4xx_StdPeriph_Driver\\src\\stm32f4xx_sai.c 0x00000000   Number         0  stm32f4xx_sai.o ABSOLUTE
    ..\\STM32\\FWLIB\\STM32F4xx_StdPeriph_Driver\\src\\stm32f4xx_sdio.c 0x00000000   Number         0  stm32f4xx_sdio.o ABSOLUTE
    ..\\STM32\\FWLIB\\STM32F4xx_StdPeriph_Driver\\src\\stm32f4xx_spi.c 0x00000000   Number         0  stm32f4xx_spi.o ABSOLUTE
    ..\\STM32\\FWLIB\\STM32F4xx_StdPeriph_Driver\\src\\stm32f4xx_syscfg.c 0x00000000   Number         0  stm32f4xx_syscfg.o ABSOLUTE
    ..\\STM32\\FWLIB\\STM32F4xx_StdPeriph_Driver\\src\\stm32f4xx_tim.c 0x00000000   Number         0  stm32f4xx_tim.o ABSOLUTE
    ..\\STM32\\FWLIB\\STM32F4xx_StdPeriph_Driver\\src\\stm32f4xx_usart.c 0x00000000   Number         0  stm32f4xx_usart.o ABSOLUTE
    ..\\STM32\\FWLIB\\STM32F4xx_StdPeriph_Driver\\src\\stm32f4xx_wwdg.c 0x00000000   Number         0  stm32f4xx_wwdg.o ABSOLUTE
    ..\\TASK\\chasis_task.c                  0x00000000   Number         0  chasis_task.o ABSOLUTE
    ..\\TASK\\gimbal_task.c                  0x00000000   Number         0  gimbal_task.o ABSOLUTE
    ..\\TASK\\gun_task.c                     0x00000000   Number         0  gun_task.o ABSOLUTE
    ..\\TASK\\start_task.c                   0x00000000   Number         0  start_task.o ABSOLUTE
    ..\\UCOS-III\\UCOS_BSP\\bsp.c            0x00000000   Number         0  bsp.o ABSOLUTE
    ..\\UCOS-III\\uCOS-III\\Ports\\ARM-Cortex-M4\\Generic\\RealView\\os_cpu_c.c 0x00000000   Number         0  os_cpu_c.o ABSOLUTE
    dc.s                                     0x00000000   Number         0  dc.o ABSOLUTE
    main.c                                   0x00000000   Number         0  main.o ABSOLUTE
    main.c                                   0x00000000   Number         0  main.o ABSOLUTE
    stm32f4xx_it.c                           0x00000000   Number         0  stm32f4xx_it.o ABSOLUTE
    stm32f4xx_it.c                           0x00000000   Number         0  stm32f4xx_it.o ABSOLUTE
    system_stm32f4xx.c                       0x00000000   Number         0  system_stm32f4xx.o ABSOLUTE
    system_stm32f4xx.c                       0x00000000   Number         0  system_stm32f4xx.o ABSOLUTE
    usart69050.c                             0x00000000   Number         0  usart69050.o ABSOLUTE
    usart69050.c                             0x00000000   Number         0  usart69050.o ABSOLUTE
    RESET                                    0x08000000   Section      428  startup_stm32f427xx.o(RESET)
    !!!main                                  0x080001ac   Section        8  __main.o(!!!main)
    !!!scatter                               0x080001b4   Section       52  __scatter.o(!!!scatter)
    !!dczerorl                               0x080001e8   Section       58  __dczerorl.o(!!dczerorl)
    !!handler_zi                             0x08000224   Section       28  __scatter_zi.o(!!handler_zi)
    .ARM.Collect$$libinit$$00000000          0x08000240   Section        2  libinit.o(.ARM.Collect$$libinit$$00000000)
    .ARM.Collect$$libinit$$00000001          0x08000242   Section        4  libinit2.o(.ARM.Collect$$libinit$$00000001)
    .ARM.Collect$$libinit$$00000004          0x08000246   Section        0  libinit2.o(.ARM.Collect$$libinit$$00000004)
    .ARM.Collect$$libinit$$0000000A          0x08000246   Section        0  libinit2.o(.ARM.Collect$$libinit$$0000000A)
    .ARM.Collect$$libinit$$0000000C          0x08000246   Section        0  libinit2.o(.ARM.Collect$$libinit$$0000000C)
    .ARM.Collect$$libinit$$0000000E          0x08000246   Section        0  libinit2.o(.ARM.Collect$$libinit$$0000000E)
    .ARM.Collect$$libinit$$00000011          0x08000246   Section        0  libinit2.o(.ARM.Collect$$libinit$$00000011)
    .ARM.Collect$$libinit$$00000013          0x08000246   Section        0  libinit2.o(.ARM.Collect$$libinit$$00000013)
    .ARM.Collect$$libinit$$00000015          0x08000246   Section        0  libinit2.o(.ARM.Collect$$libinit$$00000015)
    .ARM.Collect$$libinit$$00000017          0x08000246   Section        0  libinit2.o(.ARM.Collect$$libinit$$00000017)
    .ARM.Collect$$libinit$$00000019          0x08000246   Section        0  libinit2.o(.ARM.Collect$$libinit$$00000019)
    .ARM.Collect$$libinit$$0000001B          0x08000246   Section        0  libinit2.o(.ARM.Collect$$libinit$$0000001B)
    .ARM.Collect$$libinit$$0000001D          0x08000246   Section        0  libinit2.o(.ARM.Collect$$libinit$$0000001D)
    .ARM.Collect$$libinit$$0000001F          0x08000246   Section        0  libinit2.o(.ARM.Collect$$libinit$$0000001F)
    .ARM.Collect$$libinit$$00000021          0x08000246   Section        0  libinit2.o(.ARM.Collect$$libinit$$00000021)
    .ARM.Collect$$libinit$$00000023          0x08000246   Section        0  libinit2.o(.ARM.Collect$$libinit$$00000023)
    .ARM.Collect$$libinit$$00000025          0x08000246   Section        0  libinit2.o(.ARM.Collect$$libinit$$00000025)
    .ARM.Collect$$libinit$$0000002C          0x08000246   Section        0  libinit2.o(.ARM.Collect$$libinit$$0000002C)
    .ARM.Collect$$libinit$$0000002E          0x08000246   Section        0  libinit2.o(.ARM.Collect$$libinit$$0000002E)
    .ARM.Collect$$libinit$$00000030          0x08000246   Section        0  libinit2.o(.ARM.Collect$$libinit$$00000030)
    .ARM.Collect$$libinit$$00000032          0x08000246   Section        0  libinit2.o(.ARM.Collect$$libinit$$00000032)
    .ARM.Collect$$libinit$$00000033          0x08000246   Section        2  libinit2.o(.ARM.Collect$$libinit$$00000033)
    .ARM.Collect$$libshutdown$$00000000      0x08000248   Section        2  libshutdown.o(.ARM.Collect$$libshutdown$$00000000)
    .ARM.Collect$$libshutdown$$00000002      0x0800024a   Section        0  libshutdown2.o(.ARM.Collect$$libshutdown$$00000002)
    .ARM.Collect$$libshutdown$$00000004      0x0800024a   Section        0  libshutdown2.o(.ARM.Collect$$libshutdown$$00000004)
    .ARM.Collect$$libshutdown$$00000007      0x0800024a   Section        0  libshutdown2.o(.ARM.Collect$$libshutdown$$00000007)
    .ARM.Collect$$libshutdown$$0000000A      0x0800024a   Section        0  libshutdown2.o(.ARM.Collect$$libshutdown$$0000000A)
    .ARM.Collect$$libshutdown$$0000000C      0x0800024a   Section        0  libshutdown2.o(.ARM.Collect$$libshutdown$$0000000C)
    .ARM.Collect$$libshutdown$$0000000F      0x0800024a   Section        0  libshutdown2.o(.ARM.Collect$$libshutdown$$0000000F)
    .ARM.Collect$$libshutdown$$00000010      0x0800024a   Section        2  libshutdown2.o(.ARM.Collect$$libshutdown$$00000010)
    .ARM.Collect$$rtentry$$00000000          0x0800024c   Section        0  __rtentry.o(.ARM.Collect$$rtentry$$00000000)
    .ARM.Collect$$rtentry$$00000002          0x0800024c   Section        0  __rtentry2.o(.ARM.Collect$$rtentry$$00000002)
    .ARM.Collect$$rtentry$$00000004          0x0800024c   Section        6  __rtentry4.o(.ARM.Collect$$rtentry$$00000004)
    .ARM.Collect$$rtentry$$00000009          0x08000252   Section        0  __rtentry2.o(.ARM.Collect$$rtentry$$00000009)
    .ARM.Collect$$rtentry$$0000000A          0x08000252   Section        4  __rtentry2.o(.ARM.Collect$$rtentry$$0000000A)
    .ARM.Collect$$rtentry$$0000000C          0x08000256   Section        0  __rtentry2.o(.ARM.Collect$$rtentry$$0000000C)
    .ARM.Collect$$rtentry$$0000000D          0x08000256   Section        8  __rtentry2.o(.ARM.Collect$$rtentry$$0000000D)
    .ARM.Collect$$rtexit$$00000000           0x0800025e   Section        2  rtexit.o(.ARM.Collect$$rtexit$$00000000)
    .ARM.Collect$$rtexit$$00000002           0x08000260   Section        0  rtexit2.o(.ARM.Collect$$rtexit$$00000002)
    .ARM.Collect$$rtexit$$00000003           0x08000260   Section        4  rtexit2.o(.ARM.Collect$$rtexit$$00000003)
    .ARM.Collect$$rtexit$$00000004           0x08000264   Section        6  rtexit2.o(.ARM.Collect$$rtexit$$00000004)
    .text                                    0x0800026c   Section       64  startup_stm32f427xx.o(.text)
    $v0                                      0x0800026c   Number         0  startup_stm32f427xx.o(.text)
    .text                                    0x080002ac   Section       52  cpu_a.o(.text)
    $v0                                      0x080002ac   Number         0  cpu_a.o(.text)
    .text                                    0x080002e0   Section        0  heapauxi.o(.text)
    .text                                    0x080002e6   Section       74  sys_stackheap_outer.o(.text)
    .text                                    0x08000330   Section        0  exit.o(.text)
    .text                                    0x08000344   Section        8  libspace.o(.text)
    .text                                    0x0800034c   Section        0  sys_exit.o(.text)
    .text                                    0x08000358   Section        2  use_no_semi.o(.text)
    .text                                    0x0800035a   Section        0  indicate_semi.o(.text)
    CODE                                     0x0800035c   Section      172  os_cpu_a.o(CODE)
    $v0                                      0x0800035c   Number         0  os_cpu_a.o(CODE)
    i.BusFault_Handler                       0x08000408   Section        0  stm32f4xx_it.o(i.BusFault_Handler)
    i.CAN1_RX0_IRQHandler                    0x0800040c   Section        0  can1.o(i.CAN1_RX0_IRQHandler)
    i.CAN1_TX_IRQHandler                     0x08000aa0   Section        0  can1.o(i.CAN1_TX_IRQHandler)
    i.CAN2_RX0_IRQHandler                    0x08000acc   Section        0  can2.o(i.CAN2_RX0_IRQHandler)
    i.CAN2_TX_IRQHandler                     0x08000d60   Section        0  can2.o(i.CAN2_TX_IRQHandler)
    i.CAN_ClearITPendingBit                  0x08000d8c   Section        0  stm32f4xx_can.o(i.CAN_ClearITPendingBit)
    i.CAN_GetITStatus                        0x08000e34   Section        0  stm32f4xx_can.o(i.CAN_GetITStatus)
    i.CAN_Receive                            0x08000f54   Section        0  stm32f4xx_can.o(i.CAN_Receive)
    i.CAN_Transmit                           0x08001044   Section        0  stm32f4xx_can.o(i.CAN_Transmit)
    i.CPU_TS_TmrRd                           0x0800116c   Section        0  bsp.o(i.CPU_TS_TmrRd)
    i.CheckITStatus                          0x08001178   Section        0  stm32f4xx_can.o(i.CheckITStatus)
    CheckITStatus                            0x08001179   Thumb Code    18  stm32f4xx_can.o(i.CheckITStatus)
    i.DMA2_Stream6_IRQHandler                0x0800118c   Section        0  stm32f4xx_it.o(i.DMA2_Stream6_IRQHandler)
    i.DMA_ClearFlag                          0x080011b8   Section        0  stm32f4xx_dma.o(i.DMA_ClearFlag)
    i.DMA_Cmd                                0x080011ec   Section        0  stm32f4xx_dma.o(i.DMA_Cmd)
    i.DMA_DeInit                             0x08001204   Section        0  stm32f4xx_dma.o(i.DMA_DeInit)
    i.DMA_GetCurrentMemoryTarget             0x0800135c   Section        0  stm32f4xx_dma.o(i.DMA_GetCurrentMemoryTarget)
    i.DMA_ITConfig                           0x08001370   Section        0  stm32f4xx_dma.o(i.DMA_ITConfig)
    i.DMA_Init                               0x080013ac   Section        0  stm32f4xx_dma.o(i.DMA_Init)
    i.DebugMon_Handler                       0x08001404   Section        0  stm32f4xx_it.o(i.DebugMon_Handler)
    i.GPIO_Init                              0x08001406   Section        0  stm32f4xx_gpio.o(i.GPIO_Init)
    i.GPIO_PinAFConfig                       0x08001496   Section        0  stm32f4xx_gpio.o(i.GPIO_PinAFConfig)
    i.HardFault_Handler                      0x080014dc   Section        0  stm32f4xx_it.o(i.HardFault_Handler)
    i.MemManage_Handler                      0x080014e0   Section        0  stm32f4xx_it.o(i.MemManage_Handler)
    i.NMI_Handler                            0x080014e4   Section        0  stm32f4xx_it.o(i.NMI_Handler)
    i.NVIC_Init                              0x080014e8   Section        0  misc.o(i.NVIC_Init)
    i.NVIC_PriorityGroupConfig               0x08001560   Section        0  misc.o(i.NVIC_PriorityGroupConfig)
    i.OSIntEnter                             0x08001574   Section        0  os_core.o(i.OSIntEnter)
    i.OSIntExit                              0x080015a0   Section        0  os_core.o(i.OSIntExit)
    i.OSSched                                0x0800167c   Section        0  os_core.o(i.OSSched)
    i.OSSchedLock                            0x0800171c   Section        0  os_core.o(i.OSSchedLock)
    i.OSSchedUnlock                          0x08001790   Section        0  os_core.o(i.OSSchedUnlock)
    i.OSTaskSemPost                          0x08001824   Section        0  os_task.o(i.OSTaskSemPost)
    i.OSTaskSwHook                           0x08001864   Section        0  os_cpu_c.o(i.OSTaskSwHook)
    i.OSTimeTick                             0x080018ec   Section        0  os_time.o(i.OSTimeTick)
    i.OSTimeTickHook                         0x08001930   Section        0  os_cpu_c.o(i.OSTimeTickHook)
    i.OS_PendDbgNameRemove                   0x08001944   Section        0  os_core.o(i.OS_PendDbgNameRemove)
    i.OS_PendListRemove                      0x08001968   Section        0  os_core.o(i.OS_PendListRemove)
    i.OS_PendListRemove1                     0x08001998   Section        0  os_core.o(i.OS_PendListRemove1)
    i.OS_Post                                0x080019da   Section        0  os_core.o(i.OS_Post)
    i.OS_Post1                               0x08001a9a   Section        0  os_core.o(i.OS_Post1)
    i.OS_PrioGetHighest                      0x08001ac4   Section        0  os_prio.o(i.OS_PrioGetHighest)
    i.OS_PrioInsert                          0x08001aec   Section        0  os_prio.o(i.OS_PrioInsert)
    i.OS_RdyListInsert                       0x08001b10   Section        0  os_core.o(i.OS_RdyListInsert)
    i.OS_RdyListInsertHead                   0x08001b3c   Section        0  os_core.o(i.OS_RdyListInsertHead)
    i.OS_RdyListInsertTail                   0x08001b7c   Section        0  os_core.o(i.OS_RdyListInsertTail)
    i.OS_SchedLockTimeMeasStart              0x08001bb8   Section        0  os_core.o(i.OS_SchedLockTimeMeasStart)
    i.OS_SchedLockTimeMeasStop               0x08001bd4   Section        0  os_core.o(i.OS_SchedLockTimeMeasStop)
    i.OS_TaskRdy                             0x08001c10   Section        0  os_core.o(i.OS_TaskRdy)
    i.OS_TaskSemPost                         0x08001c2c   Section        0  os_task.o(i.OS_TaskSemPost)
    i.OS_TickListRemove                      0x08001df0   Section        0  os_tick.o(i.OS_TickListRemove)
    i.RCC_AHB1PeriphClockCmd                 0x08001e28   Section        0  stm32f4xx_rcc.o(i.RCC_AHB1PeriphClockCmd)
    i.RCC_APB1PeriphResetCmd                 0x08001e48   Section        0  stm32f4xx_rcc.o(i.RCC_APB1PeriphResetCmd)
    i.RCC_APB2PeriphClockCmd                 0x08001e68   Section        0  stm32f4xx_rcc.o(i.RCC_APB2PeriphClockCmd)
    i.RCC_APB2PeriphResetCmd                 0x08001e88   Section        0  stm32f4xx_rcc.o(i.RCC_APB2PeriphResetCmd)
    i.RCC_GetClocksFreq                      0x08001ea8   Section        0  stm32f4xx_rcc.o(i.RCC_GetClocksFreq)
    i.RemoteDataProcess                      0x08001f90   Section        0  uart1.o(i.RemoteDataProcess)
    i.SVC_Handler                            0x08002278   Section        0  stm32f4xx_it.o(i.SVC_Handler)
    i.SetSysClock                            0x0800227c   Section        0  system_stm32f4xx.o(i.SetSysClock)
    SetSysClock                              0x0800227d   Thumb Code   272  system_stm32f4xx.o(i.SetSysClock)
    i.SysTick_Handler                        0x0800239c   Section        0  delay.o(i.SysTick_Handler)
    i.SystemInit                             0x080023d4   Section        0  system_stm32f4xx.o(i.SystemInit)
    i.USART1_IRQHandler                      0x0800243c   Section        0  uart1.o(i.USART1_IRQHandler)
    i.USART3_IRQHandler                      0x080024e4   Section        0  uart3.o(i.USART3_IRQHandler)
    i.USART6_IRQHandler                      0x08002918   Section        0  usart69050.o(i.USART6_IRQHandler)
    i.USART6_init                            0x0800298c   Section        0  usart69050.o(i.USART6_init)
    i.USART_ClearFlag                        0x08002b58   Section        0  stm32f4xx_usart.o(i.USART_ClearFlag)
    i.USART_ClearITPendingBit                0x08002b6a   Section        0  stm32f4xx_usart.o(i.USART_ClearITPendingBit)
    i.USART_Cmd                              0x08002b88   Section        0  stm32f4xx_usart.o(i.USART_Cmd)
    i.USART_DMACmd                           0x08002ba0   Section        0  stm32f4xx_usart.o(i.USART_DMACmd)
    i.USART_DeInit                           0x08002bb4   Section        0  stm32f4xx_usart.o(i.USART_DeInit)
    i.USART_GetFlagStatus                    0x08002ca4   Section        0  stm32f4xx_usart.o(i.USART_GetFlagStatus)
    i.USART_GetITStatus                      0x08002cbe   Section        0  stm32f4xx_usart.o(i.USART_GetITStatus)
    i.USART_ITConfig                         0x08002d12   Section        0  stm32f4xx_usart.o(i.USART_ITConfig)
    i.USART_Init                             0x08002d5c   Section        0  stm32f4xx_usart.o(i.USART_Init)
    i.USART_ReceiveData                      0x08002e30   Section        0  stm32f4xx_usart.o(i.USART_ReceiveData)
    i.UsageFault_Handler                     0x08002e3a   Section        0  stm32f4xx_it.o(i.UsageFault_Handler)
    i.calc_crc16_modbus                      0x08002e40   Section        0  uart3.o(i.calc_crc16_modbus)
    i.delay_us                               0x08002e6c   Section        0  delay.o(i.delay_us)
    i.imu_eulrangle_resolve                  0x08002ecc   Section        0  usart69050.o(i.imu_eulrangle_resolve)
    i.main                                   0x08002f6c   Section        0  main.o(i.main)
    i.motorEnable                            0x08002f7c   Section        0  can1.o(i.motorEnable)
    i.setMotorTargetAcspeed                  0x08002fcc   Section        0  can1.o(i.setMotorTargetAcspeed)
    i.setMotorTargetCurrent                  0x0800301c   Section        0  can1.o(i.setMotorTargetCurrent)
    i.setMotorTargetDespeed                  0x0800306c   Section        0  can1.o(i.setMotorTargetDespeed)
    i.setMotorTargetSpeed                    0x080030bc   Section        0  can1.o(i.setMotorTargetSpeed)
    x$fpl$d2f                                0x0800310c   Section       98  d2f.o(x$fpl$d2f)
    $v0                                      0x0800310c   Number         0  d2f.o(x$fpl$d2f)
    x$fpl$dflt                               0x0800316e   Section       46  dflt_clz.o(x$fpl$dflt)
    $v0                                      0x0800316e   Number         0  dflt_clz.o(x$fpl$dflt)
    x$fpl$dmul                               0x0800319c   Section      340  dmul.o(x$fpl$dmul)
    $v0                                      0x0800319c   Number         0  dmul.o(x$fpl$dmul)
    x$fpl$dnaninf                            0x080032f0   Section      156  dnaninf.o(x$fpl$dnaninf)
    $v0                                      0x080032f0   Number         0  dnaninf.o(x$fpl$dnaninf)
    x$fpl$dretinf                            0x0800338c   Section       12  dretinf.o(x$fpl$dretinf)
    $v0                                      0x0800338c   Number         0  dretinf.o(x$fpl$dretinf)
    x$fpl$fpinit                             0x08003398   Section       10  fpinit.o(x$fpl$fpinit)
    $v0                                      0x08003398   Number         0  fpinit.o(x$fpl$fpinit)
    x$fpl$fretinf                            0x080033a2   Section       10  fretinf.o(x$fpl$fretinf)
    $v0                                      0x080033a2   Number         0  fretinf.o(x$fpl$fretinf)
    .constdata                               0x080033ac   Section      512  uart3.o(.constdata)
    x$fpl$usenofp                            0x080033ac   Section        0  usenofp.o(x$fpl$usenofp)
    .data                                    0x20000000   Section       16  stm32f4xx_rcc.o(.data)
    APBAHBPrescTable                         0x20000000   Data          16  stm32f4xx_rcc.o(.data)
    .data                                    0x20000010   Section        4  delay.o(.data)
    fac_us                                   0x20000010   Data           1  delay.o(.data)
    fac_ms                                   0x20000012   Data           2  delay.o(.data)
    .data                                    0x20000014   Section       89  uart1.o(.data)
    .data                                    0x20000070   Section      104  can1.o(.data)
    .data                                    0x200000d8   Section      109  can2.o(.data)
    .data                                    0x20000146   Section       39  uart3.o(.data)
    rx_index                                 0x20000146   Data           2  uart3.o(.data)
    expected_length                          0x20000148   Data           2  uart3.o(.data)
    header_count                             0x2000014a   Data           1  uart3.o(.data)
    .data                                    0x20000170   Section       34  usart69050.o(.data)
    count                                    0x20000190   Data           1  usart69050.o(.data)
    i                                        0x20000191   Data           1  usart69050.o(.data)
    .data                                    0x20000194   Section        4  os_cpu_c.o(.data)
    .data                                    0x20000198   Section        8  os_prio.o(.data)
    .data                                    0x200001a0   Section      172  os_var.o(.data)
    .bss                                     0x2000024c   Section       60  uart1.o(.bss)
    .bss                                     0x20000288   Section      108  can1.o(.bss)
    .bss                                     0x200002f4   Section       12  can2.o(.bss)
    .bss                                     0x20000300   Section      352  uart3.o(.bss)
    rx_buffer                                0x20000300   Data         256  uart3.o(.bss)
    .bss                                     0x20000460   Section      151  usart69050.o(.bss)
    .bss                                     0x200004f8   Section     1564  os_var.o(.bss)
    .bss                                     0x20000b14   Section       96  libspace.o(.bss)
    HEAP                                     0x20000b78   Section      512  startup_stm32f427xx.o(HEAP)
    Heap_Mem                                 0x20000b78   Data         512  startup_stm32f427xx.o(HEAP)
    STACK                                    0x20000d78   Section     1024  startup_stm32f427xx.o(STACK)
    Stack_Mem                                0x20000d78   Data        1024  startup_stm32f427xx.o(STACK)
    __initial_sp                             0x20001178   Data           0  startup_stm32f427xx.o(STACK)

    Global Symbols

    Symbol Name                              Value     Ov Type        Size  Object(Section)

    BuildAttributes$$THM_ISAv4$E$P$D$K$B$S$7EM$VFPi3$EXTD16$VFPS$VFMA$PE$A:L22UL41UL21$X:L11$S22US41US21$IEEE1$IW$USESV6$~STKCKD$USESV7$~SHL$OTIME$ROPI$IEEEJ$EBA8$UX$STANDARDLIB$REQ8$PRES8$EABIv2 0x00000000   Number         0  anon$$obj.o ABSOLUTE
    __ARM_use_no_argv                        0x00000000   Number         0  main.o ABSOLUTE
    __ARM_exceptions_init                     - Undefined Weak Reference
    __alloca_initialize                       - Undefined Weak Reference
    __arm_preinit_                            - Undefined Weak Reference
    __cpp_initialize__aeabi_                  - Undefined Weak Reference
    __cxa_finalize                            - Undefined Weak Reference
    __rt_locale                               - Undefined Weak Reference
    __sigvec_lookup                           - Undefined Weak Reference
    _atexit_init                              - Undefined Weak Reference
    _call_atexit_fns                          - Undefined Weak Reference
    _clock_init                               - Undefined Weak Reference
    _fp_trap_init                             - Undefined Weak Reference
    _fp_trap_shutdown                         - Undefined Weak Reference
    _get_lc_collate                           - Undefined Weak Reference
    _get_lc_ctype                             - Undefined Weak Reference
    _get_lc_monetary                          - Undefined Weak Reference
    _get_lc_numeric                           - Undefined Weak Reference
    _get_lc_time                              - Undefined Weak Reference
    _getenv_init                              - Undefined Weak Reference
    _handle_redirection                       - Undefined Weak Reference
    _init_alloc                               - Undefined Weak Reference
    _init_user_alloc                          - Undefined Weak Reference
    _initio                                   - Undefined Weak Reference
    _rand_init                                - Undefined Weak Reference
    _signal_finish                            - Undefined Weak Reference
    _signal_init                              - Undefined Weak Reference
    _terminate_alloc                          - Undefined Weak Reference
    _terminate_user_alloc                     - Undefined Weak Reference
    _terminateio                              - Undefined Weak Reference
    __Vectors_Size                           0x000001ac   Number         0  startup_stm32f427xx.o ABSOLUTE
    __Vectors                                0x08000000   Data           4  startup_stm32f427xx.o(RESET)
    __Vectors_End                            0x080001ac   Data           0  startup_stm32f427xx.o(RESET)
    __main                                   0x080001ad   Thumb Code     8  __main.o(!!!main)
    __scatterload                            0x080001b5   Thumb Code     0  __scatter.o(!!!scatter)
    __scatterload_rt2                        0x080001b5   Thumb Code    44  __scatter.o(!!!scatter)
    __scatterload_rt2_thumb_only             0x080001b5   Thumb Code     0  __scatter.o(!!!scatter)
    __scatterload_null                       0x080001c3   Thumb Code     0  __scatter.o(!!!scatter)
    __decompress                             0x080001e9   Thumb Code    58  __dczerorl.o(!!dczerorl)
    __decompress0                            0x080001e9   Thumb Code     0  __dczerorl.o(!!dczerorl)
    __scatterload_zeroinit                   0x08000225   Thumb Code    28  __scatter_zi.o(!!handler_zi)
    __rt_lib_init                            0x08000241   Thumb Code     0  libinit.o(.ARM.Collect$$libinit$$00000000)
    __rt_lib_init_fp_1                       0x08000243   Thumb Code     0  libinit2.o(.ARM.Collect$$libinit$$00000001)
    __rt_lib_init_alloca_1                   0x08000247   Thumb Code     0  libinit2.o(.ARM.Collect$$libinit$$0000002E)
    __rt_lib_init_argv_1                     0x08000247   Thumb Code     0  libinit2.o(.ARM.Collect$$libinit$$0000002C)
    __rt_lib_init_atexit_1                   0x08000247   Thumb Code     0  libinit2.o(.ARM.Collect$$libinit$$0000001B)
    __rt_lib_init_clock_1                    0x08000247   Thumb Code     0  libinit2.o(.ARM.Collect$$libinit$$00000021)
    __rt_lib_init_cpp_1                      0x08000247   Thumb Code     0  libinit2.o(.ARM.Collect$$libinit$$00000032)
    __rt_lib_init_exceptions_1               0x08000247   Thumb Code     0  libinit2.o(.ARM.Collect$$libinit$$00000030)
    __rt_lib_init_fp_trap_1                  0x08000247   Thumb Code     0  libinit2.o(.ARM.Collect$$libinit$$0000001F)
    __rt_lib_init_getenv_1                   0x08000247   Thumb Code     0  libinit2.o(.ARM.Collect$$libinit$$00000023)
    __rt_lib_init_heap_1                     0x08000247   Thumb Code     0  libinit2.o(.ARM.Collect$$libinit$$0000000A)
    __rt_lib_init_lc_collate_1               0x08000247   Thumb Code     0  libinit2.o(.ARM.Collect$$libinit$$00000011)
    __rt_lib_init_lc_ctype_1                 0x08000247   Thumb Code     0  libinit2.o(.ARM.Collect$$libinit$$00000013)
    __rt_lib_init_lc_monetary_1              0x08000247   Thumb Code     0  libinit2.o(.ARM.Collect$$libinit$$00000015)
    __rt_lib_init_lc_numeric_1               0x08000247   Thumb Code     0  libinit2.o(.ARM.Collect$$libinit$$00000017)
    __rt_lib_init_lc_time_1                  0x08000247   Thumb Code     0  libinit2.o(.ARM.Collect$$libinit$$00000019)
    __rt_lib_init_preinit_1                  0x08000247   Thumb Code     0  libinit2.o(.ARM.Collect$$libinit$$00000004)
    __rt_lib_init_rand_1                     0x08000247   Thumb Code     0  libinit2.o(.ARM.Collect$$libinit$$0000000E)
    __rt_lib_init_return                     0x08000247   Thumb Code     0  libinit2.o(.ARM.Collect$$libinit$$00000033)
    __rt_lib_init_signal_1                   0x08000247   Thumb Code     0  libinit2.o(.ARM.Collect$$libinit$$0000001D)
    __rt_lib_init_stdio_1                    0x08000247   Thumb Code     0  libinit2.o(.ARM.Collect$$libinit$$00000025)
    __rt_lib_init_user_alloc_1               0x08000247   Thumb Code     0  libinit2.o(.ARM.Collect$$libinit$$0000000C)
    __rt_lib_shutdown                        0x08000249   Thumb Code     0  libshutdown.o(.ARM.Collect$$libshutdown$$00000000)
    __rt_lib_shutdown_cpp_1                  0x0800024b   Thumb Code     0  libshutdown2.o(.ARM.Collect$$libshutdown$$00000002)
    __rt_lib_shutdown_fp_trap_1              0x0800024b   Thumb Code     0  libshutdown2.o(.ARM.Collect$$libshutdown$$00000007)
    __rt_lib_shutdown_heap_1                 0x0800024b   Thumb Code     0  libshutdown2.o(.ARM.Collect$$libshutdown$$0000000F)
    __rt_lib_shutdown_return                 0x0800024b   Thumb Code     0  libshutdown2.o(.ARM.Collect$$libshutdown$$00000010)
    __rt_lib_shutdown_signal_1               0x0800024b   Thumb Code     0  libshutdown2.o(.ARM.Collect$$libshutdown$$0000000A)
    __rt_lib_shutdown_stdio_1                0x0800024b   Thumb Code     0  libshutdown2.o(.ARM.Collect$$libshutdown$$00000004)
    __rt_lib_shutdown_user_alloc_1           0x0800024b   Thumb Code     0  libshutdown2.o(.ARM.Collect$$libshutdown$$0000000C)
    __rt_entry                               0x0800024d   Thumb Code     0  __rtentry.o(.ARM.Collect$$rtentry$$00000000)
    __rt_entry_presh_1                       0x0800024d   Thumb Code     0  __rtentry2.o(.ARM.Collect$$rtentry$$00000002)
    __rt_entry_sh                            0x0800024d   Thumb Code     0  __rtentry4.o(.ARM.Collect$$rtentry$$00000004)
    __rt_entry_li                            0x08000253   Thumb Code     0  __rtentry2.o(.ARM.Collect$$rtentry$$0000000A)
    __rt_entry_postsh_1                      0x08000253   Thumb Code     0  __rtentry2.o(.ARM.Collect$$rtentry$$00000009)
    __rt_entry_main                          0x08000257   Thumb Code     0  __rtentry2.o(.ARM.Collect$$rtentry$$0000000D)
    __rt_entry_postli_1                      0x08000257   Thumb Code     0  __rtentry2.o(.ARM.Collect$$rtentry$$0000000C)
    __rt_exit                                0x0800025f   Thumb Code     0  rtexit.o(.ARM.Collect$$rtexit$$00000000)
    __rt_exit_ls                             0x08000261   Thumb Code     0  rtexit2.o(.ARM.Collect$$rtexit$$00000003)
    __rt_exit_prels_1                        0x08000261   Thumb Code     0  rtexit2.o(.ARM.Collect$$rtexit$$00000002)
    __rt_exit_exit                           0x08000265   Thumb Code     0  rtexit2.o(.ARM.Collect$$rtexit$$00000004)
    Reset_Handler                            0x0800026d   Thumb Code     8  startup_stm32f427xx.o(.text)
    ADC_IRQHandler                           0x08000287   Thumb Code     0  startup_stm32f427xx.o(.text)
    CAN1_RX1_IRQHandler                      0x08000287   Thumb Code     0  startup_stm32f427xx.o(.text)
    CAN1_SCE_IRQHandler                      0x08000287   Thumb Code     0  startup_stm32f427xx.o(.text)
    CAN2_RX1_IRQHandler                      0x08000287   Thumb Code     0  startup_stm32f427xx.o(.text)
    CAN2_SCE_IRQHandler                      0x08000287   Thumb Code     0  startup_stm32f427xx.o(.text)
    DCMI_IRQHandler                          0x08000287   Thumb Code     0  startup_stm32f427xx.o(.text)
    DMA1_Stream0_IRQHandler                  0x08000287   Thumb Code     0  startup_stm32f427xx.o(.text)
    DMA1_Stream1_IRQHandler                  0x08000287   Thumb Code     0  startup_stm32f427xx.o(.text)
    DMA1_Stream2_IRQHandler                  0x08000287   Thumb Code     0  startup_stm32f427xx.o(.text)
    DMA1_Stream3_IRQHandler                  0x08000287   Thumb Code     0  startup_stm32f427xx.o(.text)
    DMA1_Stream4_IRQHandler                  0x08000287   Thumb Code     0  startup_stm32f427xx.o(.text)
    DMA1_Stream5_IRQHandler                  0x08000287   Thumb Code     0  startup_stm32f427xx.o(.text)
    DMA1_Stream6_IRQHandler                  0x08000287   Thumb Code     0  startup_stm32f427xx.o(.text)
    DMA1_Stream7_IRQHandler                  0x08000287   Thumb Code     0  startup_stm32f427xx.o(.text)
    DMA2D_IRQHandler                         0x08000287   Thumb Code     0  startup_stm32f427xx.o(.text)
    DMA2_Stream0_IRQHandler                  0x08000287   Thumb Code     0  startup_stm32f427xx.o(.text)
    DMA2_Stream1_IRQHandler                  0x08000287   Thumb Code     0  startup_stm32f427xx.o(.text)
    DMA2_Stream2_IRQHandler                  0x08000287   Thumb Code     0  startup_stm32f427xx.o(.text)
    DMA2_Stream3_IRQHandler                  0x08000287   Thumb Code     0  startup_stm32f427xx.o(.text)
    DMA2_Stream4_IRQHandler                  0x08000287   Thumb Code     0  startup_stm32f427xx.o(.text)
    DMA2_Stream5_IRQHandler                  0x08000287   Thumb Code     0  startup_stm32f427xx.o(.text)
    DMA2_Stream7_IRQHandler                  0x08000287   Thumb Code     0  startup_stm32f427xx.o(.text)
    ETH_IRQHandler                           0x08000287   Thumb Code     0  startup_stm32f427xx.o(.text)
    ETH_WKUP_IRQHandler                      0x08000287   Thumb Code     0  startup_stm32f427xx.o(.text)
    EXTI0_IRQHandler                         0x08000287   Thumb Code     0  startup_stm32f427xx.o(.text)
    EXTI15_10_IRQHandler                     0x08000287   Thumb Code     0  startup_stm32f427xx.o(.text)
    EXTI1_IRQHandler                         0x08000287   Thumb Code     0  startup_stm32f427xx.o(.text)
    EXTI2_IRQHandler                         0x08000287   Thumb Code     0  startup_stm32f427xx.o(.text)
    EXTI3_IRQHandler                         0x08000287   Thumb Code     0  startup_stm32f427xx.o(.text)
    EXTI4_IRQHandler                         0x08000287   Thumb Code     0  startup_stm32f427xx.o(.text)
    EXTI9_5_IRQHandler                       0x08000287   Thumb Code     0  startup_stm32f427xx.o(.text)
    FLASH_IRQHandler                         0x08000287   Thumb Code     0  startup_stm32f427xx.o(.text)
    FMC_IRQHandler                           0x08000287   Thumb Code     0  startup_stm32f427xx.o(.text)
    FPU_IRQHandler                           0x08000287   Thumb Code     0  startup_stm32f427xx.o(.text)
    HASH_RNG_IRQHandler                      0x08000287   Thumb Code     0  startup_stm32f427xx.o(.text)
    I2C1_ER_IRQHandler                       0x08000287   Thumb Code     0  startup_stm32f427xx.o(.text)
    I2C1_EV_IRQHandler                       0x08000287   Thumb Code     0  startup_stm32f427xx.o(.text)
    I2C2_ER_IRQHandler                       0x08000287   Thumb Code     0  startup_stm32f427xx.o(.text)
    I2C2_EV_IRQHandler                       0x08000287   Thumb Code     0  startup_stm32f427xx.o(.text)
    I2C3_ER_IRQHandler                       0x08000287   Thumb Code     0  startup_stm32f427xx.o(.text)
    I2C3_EV_IRQHandler                       0x08000287   Thumb Code     0  startup_stm32f427xx.o(.text)
    OTG_FS_IRQHandler                        0x08000287   Thumb Code     0  startup_stm32f427xx.o(.text)
    OTG_FS_WKUP_IRQHandler                   0x08000287   Thumb Code     0  startup_stm32f427xx.o(.text)
    OTG_HS_EP1_IN_IRQHandler                 0x08000287   Thumb Code     0  startup_stm32f427xx.o(.text)
    OTG_HS_EP1_OUT_IRQHandler                0x08000287   Thumb Code     0  startup_stm32f427xx.o(.text)
    OTG_HS_IRQHandler                        0x08000287   Thumb Code     0  startup_stm32f427xx.o(.text)
    OTG_HS_WKUP_IRQHandler                   0x08000287   Thumb Code     0  startup_stm32f427xx.o(.text)
    PVD_IRQHandler                           0x08000287   Thumb Code     0  startup_stm32f427xx.o(.text)
    RCC_IRQHandler                           0x08000287   Thumb Code     0  startup_stm32f427xx.o(.text)
    RTC_Alarm_IRQHandler                     0x08000287   Thumb Code     0  startup_stm32f427xx.o(.text)
    RTC_WKUP_IRQHandler                      0x08000287   Thumb Code     0  startup_stm32f427xx.o(.text)
    SAI1_IRQHandler                          0x08000287   Thumb Code     0  startup_stm32f427xx.o(.text)
    SDIO_IRQHandler                          0x08000287   Thumb Code     0  startup_stm32f427xx.o(.text)
    SPI1_IRQHandler                          0x08000287   Thumb Code     0  startup_stm32f427xx.o(.text)
    SPI2_IRQHandler                          0x08000287   Thumb Code     0  startup_stm32f427xx.o(.text)
    SPI3_IRQHandler                          0x08000287   Thumb Code     0  startup_stm32f427xx.o(.text)
    SPI4_IRQHandler                          0x08000287   Thumb Code     0  startup_stm32f427xx.o(.text)
    SPI5_IRQHandler                          0x08000287   Thumb Code     0  startup_stm32f427xx.o(.text)
    SPI6_IRQHandler                          0x08000287   Thumb Code     0  startup_stm32f427xx.o(.text)
    TAMP_STAMP_IRQHandler                    0x08000287   Thumb Code     0  startup_stm32f427xx.o(.text)
    TIM1_BRK_TIM9_IRQHandler                 0x08000287   Thumb Code     0  startup_stm32f427xx.o(.text)
    TIM1_CC_IRQHandler                       0x08000287   Thumb Code     0  startup_stm32f427xx.o(.text)
    TIM1_TRG_COM_TIM11_IRQHandler            0x08000287   Thumb Code     0  startup_stm32f427xx.o(.text)
    TIM1_UP_TIM10_IRQHandler                 0x08000287   Thumb Code     0  startup_stm32f427xx.o(.text)
    TIM2_IRQHandler                          0x08000287   Thumb Code     0  startup_stm32f427xx.o(.text)
    TIM3_IRQHandler                          0x08000287   Thumb Code     0  startup_stm32f427xx.o(.text)
    TIM4_IRQHandler                          0x08000287   Thumb Code     0  startup_stm32f427xx.o(.text)
    TIM5_IRQHandler                          0x08000287   Thumb Code     0  startup_stm32f427xx.o(.text)
    TIM6_DAC_IRQHandler                      0x08000287   Thumb Code     0  startup_stm32f427xx.o(.text)
    TIM7_IRQHandler                          0x08000287   Thumb Code     0  startup_stm32f427xx.o(.text)
    TIM8_BRK_TIM12_IRQHandler                0x08000287   Thumb Code     0  startup_stm32f427xx.o(.text)
    TIM8_CC_IRQHandler                       0x08000287   Thumb Code     0  startup_stm32f427xx.o(.text)
    TIM8_TRG_COM_TIM14_IRQHandler            0x08000287   Thumb Code     0  startup_stm32f427xx.o(.text)
    TIM8_UP_TIM13_IRQHandler                 0x08000287   Thumb Code     0  startup_stm32f427xx.o(.text)
    UART4_IRQHandler                         0x08000287   Thumb Code     0  startup_stm32f427xx.o(.text)
    UART5_IRQHandler                         0x08000287   Thumb Code     0  startup_stm32f427xx.o(.text)
    UART7_IRQHandler                         0x08000287   Thumb Code     0  startup_stm32f427xx.o(.text)
    UART8_IRQHandler                         0x08000287   Thumb Code     0  startup_stm32f427xx.o(.text)
    USART2_IRQHandler                        0x08000287   Thumb Code     0  startup_stm32f427xx.o(.text)
    WWDG_IRQHandler                          0x08000287   Thumb Code     0  startup_stm32f427xx.o(.text)
    __user_initial_stackheap                 0x08000289   Thumb Code     0  startup_stm32f427xx.o(.text)
    CPU_IntDis                               0x080002ad   Thumb Code     0  cpu_a.o(.text)
    CPU_IntEn                                0x080002b1   Thumb Code     0  cpu_a.o(.text)
    CPU_SR_Save                              0x080002b5   Thumb Code     0  cpu_a.o(.text)
    CPU_SR_Restore                           0x080002bd   Thumb Code     0  cpu_a.o(.text)
    CPU_WaitForInt                           0x080002c3   Thumb Code     0  cpu_a.o(.text)
    CPU_WaitForExcept                        0x080002c7   Thumb Code     0  cpu_a.o(.text)
    CPU_CntLeadZeros                         0x080002cb   Thumb Code     0  cpu_a.o(.text)
    CPU_CntTrailZeros                        0x080002d1   Thumb Code     0  cpu_a.o(.text)
    CPU_RevBits                              0x080002db   Thumb Code     0  cpu_a.o(.text)
    __use_two_region_memory                  0x080002e1   Thumb Code     2  heapauxi.o(.text)
    __rt_heap_escrow$2region                 0x080002e3   Thumb Code     2  heapauxi.o(.text)
    __rt_heap_expand$2region                 0x080002e5   Thumb Code     2  heapauxi.o(.text)
    __user_setup_stackheap                   0x080002e7   Thumb Code    74  sys_stackheap_outer.o(.text)
    exit                                     0x08000331   Thumb Code    18  exit.o(.text)
    __user_libspace                          0x08000345   Thumb Code     8  libspace.o(.text)
    __user_perproc_libspace                  0x08000345   Thumb Code     0  libspace.o(.text)
    __user_perthread_libspace                0x08000345   Thumb Code     0  libspace.o(.text)
    _sys_exit                                0x0800034d   Thumb Code     8  sys_exit.o(.text)
    __I$use$semihosting                      0x08000359   Thumb Code     0  use_no_semi.o(.text)
    __use_no_semihosting_swi                 0x08000359   Thumb Code     2  use_no_semi.o(.text)
    __semihosting_library_function           0x0800035b   Thumb Code     0  indicate_semi.o(.text)
    OSStartHighRdy                           0x0800035d   Thumb Code     0  os_cpu_a.o(CODE)
    OSCtxSw                                  0x0800037f   Thumb Code     0  os_cpu_a.o(CODE)
    OSIntCtxSw                               0x08000389   Thumb Code     0  os_cpu_a.o(CODE)
    PendSV_Handler                           0x08000393   Thumb Code     0  os_cpu_a.o(CODE)
    BusFault_Handler                         0x08000409   Thumb Code     4  stm32f4xx_it.o(i.BusFault_Handler)
    CAN1_RX0_IRQHandler                      0x0800040d   Thumb Code  1664  can1.o(i.CAN1_RX0_IRQHandler)
    CAN1_TX_IRQHandler                       0x08000aa1   Thumb Code    36  can1.o(i.CAN1_TX_IRQHandler)
    CAN2_RX0_IRQHandler                      0x08000acd   Thumb Code   636  can2.o(i.CAN2_RX0_IRQHandler)
    CAN2_TX_IRQHandler                       0x08000d61   Thumb Code    36  can2.o(i.CAN2_TX_IRQHandler)
    CAN_ClearITPendingBit                    0x08000d8d   Thumb Code   162  stm32f4xx_can.o(i.CAN_ClearITPendingBit)
    CAN_GetITStatus                          0x08000e35   Thumb Code   284  stm32f4xx_can.o(i.CAN_GetITStatus)
    CAN_Receive                              0x08000f55   Thumb Code   240  stm32f4xx_can.o(i.CAN_Receive)
    CAN_Transmit                             0x08001045   Thumb Code   294  stm32f4xx_can.o(i.CAN_Transmit)
    CPU_TS_TmrRd                             0x0800116d   Thumb Code     6  bsp.o(i.CPU_TS_TmrRd)
    DMA2_Stream6_IRQHandler                  0x0800118d   Thumb Code    34  stm32f4xx_it.o(i.DMA2_Stream6_IRQHandler)
    DMA_ClearFlag                            0x080011b9   Thumb Code    38  stm32f4xx_dma.o(i.DMA_ClearFlag)
    DMA_Cmd                                  0x080011ed   Thumb Code    22  stm32f4xx_dma.o(i.DMA_Cmd)
    DMA_DeInit                               0x08001205   Thumb Code   324  stm32f4xx_dma.o(i.DMA_DeInit)
    DMA_GetCurrentMemoryTarget               0x0800135d   Thumb Code    20  stm32f4xx_dma.o(i.DMA_GetCurrentMemoryTarget)
    DMA_ITConfig                             0x08001371   Thumb Code    58  stm32f4xx_dma.o(i.DMA_ITConfig)
    DMA_Init                                 0x080013ad   Thumb Code    82  stm32f4xx_dma.o(i.DMA_Init)
    DebugMon_Handler                         0x08001405   Thumb Code     2  stm32f4xx_it.o(i.DebugMon_Handler)
    GPIO_Init                                0x08001407   Thumb Code   144  stm32f4xx_gpio.o(i.GPIO_Init)
    GPIO_PinAFConfig                         0x08001497   Thumb Code    70  stm32f4xx_gpio.o(i.GPIO_PinAFConfig)
    HardFault_Handler                        0x080014dd   Thumb Code     4  stm32f4xx_it.o(i.HardFault_Handler)
    MemManage_Handler                        0x080014e1   Thumb Code     4  stm32f4xx_it.o(i.MemManage_Handler)
    NMI_Handler                              0x080014e5   Thumb Code     2  stm32f4xx_it.o(i.NMI_Handler)
    NVIC_Init                                0x080014e9   Thumb Code   106  misc.o(i.NVIC_Init)
    NVIC_PriorityGroupConfig                 0x08001561   Thumb Code    10  misc.o(i.NVIC_PriorityGroupConfig)
    OSIntEnter                               0x08001575   Thumb Code    34  os_core.o(i.OSIntEnter)
    OSIntExit                                0x080015a1   Thumb Code   188  os_core.o(i.OSIntExit)
    OSSched                                  0x0800167d   Thumb Code   130  os_core.o(i.OSSched)
    OSSchedLock                              0x0800171d   Thumb Code   104  os_core.o(i.OSSchedLock)
    OSSchedUnlock                            0x08001791   Thumb Code   136  os_core.o(i.OSSchedUnlock)
    OSTaskSemPost                            0x08001825   Thumb Code    62  os_task.o(i.OSTaskSemPost)
    OSTaskSwHook                             0x08001865   Thumb Code   120  os_cpu_c.o(i.OSTaskSwHook)
    OSTimeTick                               0x080018ed   Thumb Code    50  os_time.o(i.OSTimeTick)
    OSTimeTickHook                           0x08001931   Thumb Code    16  os_cpu_c.o(i.OSTimeTickHook)
    OS_PendDbgNameRemove                     0x08001945   Thumb Code    30  os_core.o(i.OS_PendDbgNameRemove)
    OS_PendListRemove                        0x08001969   Thumb Code    48  os_core.o(i.OS_PendListRemove)
    OS_PendListRemove1                       0x08001999   Thumb Code    66  os_core.o(i.OS_PendListRemove1)
    OS_Post                                  0x080019db   Thumb Code   192  os_core.o(i.OS_Post)
    OS_Post1                                 0x08001a9b   Thumb Code    42  os_core.o(i.OS_Post1)
    OS_PrioGetHighest                        0x08001ac5   Thumb Code    36  os_prio.o(i.OS_PrioGetHighest)
    OS_PrioInsert                            0x08001aed   Thumb Code    32  os_prio.o(i.OS_PrioInsert)
    OS_RdyListInsert                         0x08001b11   Thumb Code    40  os_core.o(i.OS_RdyListInsert)
    OS_RdyListInsertHead                     0x08001b3d   Thumb Code    58  os_core.o(i.OS_RdyListInsertHead)
    OS_RdyListInsertTail                     0x08001b7d   Thumb Code    56  os_core.o(i.OS_RdyListInsertTail)
    OS_SchedLockTimeMeasStart                0x08001bb9   Thumb Code    20  os_core.o(i.OS_SchedLockTimeMeasStart)
    OS_SchedLockTimeMeasStop                 0x08001bd5   Thumb Code    44  os_core.o(i.OS_SchedLockTimeMeasStop)
    OS_TaskRdy                               0x08001c11   Thumb Code    28  os_core.o(i.OS_TaskRdy)
    OS_TaskSemPost                           0x08001c2d   Thumb Code   448  os_task.o(i.OS_TaskSemPost)
    OS_TickListRemove                        0x08001df1   Thumb Code    56  os_tick.o(i.OS_TickListRemove)
    RCC_AHB1PeriphClockCmd                   0x08001e29   Thumb Code    26  stm32f4xx_rcc.o(i.RCC_AHB1PeriphClockCmd)
    RCC_APB1PeriphResetCmd                   0x08001e49   Thumb Code    26  stm32f4xx_rcc.o(i.RCC_APB1PeriphResetCmd)
    RCC_APB2PeriphClockCmd                   0x08001e69   Thumb Code    26  stm32f4xx_rcc.o(i.RCC_APB2PeriphClockCmd)
    RCC_APB2PeriphResetCmd                   0x08001e89   Thumb Code    26  stm32f4xx_rcc.o(i.RCC_APB2PeriphResetCmd)
    RCC_GetClocksFreq                        0x08001ea9   Thumb Code   214  stm32f4xx_rcc.o(i.RCC_GetClocksFreq)
    RemoteDataProcess                        0x08001f91   Thumb Code   698  uart1.o(i.RemoteDataProcess)
    SVC_Handler                              0x08002279   Thumb Code     2  stm32f4xx_it.o(i.SVC_Handler)
    SysTick_Handler                          0x0800239d   Thumb Code    52  delay.o(i.SysTick_Handler)
    SystemInit                               0x080023d5   Thumb Code    88  system_stm32f4xx.o(i.SystemInit)
    USART1_IRQHandler                        0x0800243d   Thumb Code   156  uart1.o(i.USART1_IRQHandler)
    USART3_IRQHandler                        0x080024e5   Thumb Code  1076  uart3.o(i.USART3_IRQHandler)
    USART6_IRQHandler                        0x08002919   Thumb Code    94  usart69050.o(i.USART6_IRQHandler)
    USART6_init                              0x0800298d   Thumb Code   436  usart69050.o(i.USART6_init)
    USART_ClearFlag                          0x08002b59   Thumb Code    18  stm32f4xx_usart.o(i.USART_ClearFlag)
    USART_ClearITPendingBit                  0x08002b6b   Thumb Code    30  stm32f4xx_usart.o(i.USART_ClearITPendingBit)
    USART_Cmd                                0x08002b89   Thumb Code    24  stm32f4xx_usart.o(i.USART_Cmd)
    USART_DMACmd                             0x08002ba1   Thumb Code    18  stm32f4xx_usart.o(i.USART_DMACmd)
    USART_DeInit                             0x08002bb5   Thumb Code   206  stm32f4xx_usart.o(i.USART_DeInit)
    USART_GetFlagStatus                      0x08002ca5   Thumb Code    26  stm32f4xx_usart.o(i.USART_GetFlagStatus)
    USART_GetITStatus                        0x08002cbf   Thumb Code    84  stm32f4xx_usart.o(i.USART_GetITStatus)
    USART_ITConfig                           0x08002d13   Thumb Code    74  stm32f4xx_usart.o(i.USART_ITConfig)
    USART_Init                               0x08002d5d   Thumb Code   204  stm32f4xx_usart.o(i.USART_Init)
    USART_ReceiveData                        0x08002e31   Thumb Code    10  stm32f4xx_usart.o(i.USART_ReceiveData)
    UsageFault_Handler                       0x08002e3b   Thumb Code     4  stm32f4xx_it.o(i.UsageFault_Handler)
    calc_crc16_modbus                        0x08002e41   Thumb Code    40  uart3.o(i.calc_crc16_modbus)
    delay_us                                 0x08002e6d   Thumb Code    90  delay.o(i.delay_us)
    imu_eulrangle_resolve                    0x08002ecd   Thumb Code   132  usart69050.o(i.imu_eulrangle_resolve)
    main                                     0x08002f6d   Thumb Code    16  main.o(i.main)
    motorEnable                              0x08002f7d   Thumb Code    76  can1.o(i.motorEnable)
    setMotorTargetAcspeed                    0x08002fcd   Thumb Code    76  can1.o(i.setMotorTargetAcspeed)
    setMotorTargetCurrent                    0x0800301d   Thumb Code    76  can1.o(i.setMotorTargetCurrent)
    setMotorTargetDespeed                    0x0800306d   Thumb Code    76  can1.o(i.setMotorTargetDespeed)
    setMotorTargetSpeed                      0x080030bd   Thumb Code    76  can1.o(i.setMotorTargetSpeed)
    __aeabi_d2f                              0x0800310d   Thumb Code     0  d2f.o(x$fpl$d2f)
    _d2f                                     0x0800310d   Thumb Code    98  d2f.o(x$fpl$d2f)
    __aeabi_i2d                              0x0800316f   Thumb Code     0  dflt_clz.o(x$fpl$dflt)
    _dflt                                    0x0800316f   Thumb Code    46  dflt_clz.o(x$fpl$dflt)
    __aeabi_dmul                             0x0800319d   Thumb Code     0  dmul.o(x$fpl$dmul)
    _dmul                                    0x0800319d   Thumb Code   332  dmul.o(x$fpl$dmul)
    __fpl_dnaninf                            0x080032f1   Thumb Code   156  dnaninf.o(x$fpl$dnaninf)
    __fpl_dretinf                            0x0800338d   Thumb Code    12  dretinf.o(x$fpl$dretinf)
    _fp_init                                 0x08003399   Thumb Code    10  fpinit.o(x$fpl$fpinit)
    __fplib_config_fpu_vfp                   0x080033a1   Thumb Code     0  fpinit.o(x$fpl$fpinit)
    __fplib_config_pureend_doubles           0x080033a1   Thumb Code     0  fpinit.o(x$fpl$fpinit)
    __fpl_fretinf                            0x080033a3   Thumb Code    10  fretinf.o(x$fpl$fretinf)
    __I$use$fp                               0x080033ac   Number         0  usenofp.o(x$fpl$usenofp)
    crc16_table                              0x080033ac   Data         512  uart3.o(.constdata)
    Region$$Table$$Base                      0x080035ac   Number         0  anon$$obj.o(Region$$Table)
    Region$$Table$$Limit                     0x080035cc   Number         0  anon$$obj.o(Region$$Table)
    Vy                                       0x20000014   Data           2  uart1.o(.data)
    Vx                                       0x20000016   Data           2  uart1.o(.data)
    Vw                                       0x20000018   Data           2  uart1.o(.data)
    Vy_mid                                   0x2000001a   Data           2  uart1.o(.data)
    Vx_mid                                   0x2000001c   Data           2  uart1.o(.data)
    Vy_keyboard                              0x20000020   Data           4  uart1.o(.data)
    Vx_keyboard                              0x20000024   Data           4  uart1.o(.data)
    Vy_rocker                                0x20000028   Data           2  uart1.o(.data)
    Vx_rocker                                0x2000002a   Data           2  uart1.o(.data)
    keyboard                                 0x2000002c   Data           4  uart1.o(.data)
    V_mousex                                 0x20000030   Data           4  uart1.o(.data)
    V_mousey                                 0x20000034   Data           4  uart1.o(.data)
    flag_bo                                  0x20000038   Data           4  uart1.o(.data)
    mouse_x                                  0x2000003c   Data           8  uart1.o(.data)
    mouse_y                                  0x20000044   Data           8  uart1.o(.data)
    avemousex                                0x2000004c   Data           4  uart1.o(.data)
    avemousey                                0x20000050   Data           4  uart1.o(.data)
    V_max                                    0x20000054   Data           2  uart1.o(.data)
    V_min                                    0x20000056   Data           2  uart1.o(.data)
    V_mid                                    0x20000058   Data           2  uart1.o(.data)
    acceleration_min                         0x2000005c   Data           4  uart1.o(.data)
    acceleration_mid                         0x20000060   Data           4  uart1.o(.data)
    acceleration_max                         0x20000064   Data           4  uart1.o(.data)
    acceleration_slowdown                    0x20000068   Data           4  uart1.o(.data)
    TeleCtrl_Rev_OK                          0x2000006c   Data           1  uart1.o(.data)
    flag                                     0x20000070   Data           4  can1.o(.data)
    receive                                  0x20000074   Data           8  can1.o(.data)
    time_counter                             0x2000007c   Data           4  can1.o(.data)
    GM6020_absolute_position                 0x20000080   Data           4  can1.o(.data)
    GM6020_last_raw_position                 0x20000084   Data           2  can1.o(.data)
    GM6020_current_raw_position              0x20000086   Data           2  can1.o(.data)
    GM6020_rotation_count                    0x20000088   Data           4  can1.o(.data)
    C610_absolute_position                   0x2000008c   Data           4  can1.o(.data)
    C610_last_raw_position                   0x20000090   Data           2  can1.o(.data)
    C610_current_raw_position                0x20000092   Data           2  can1.o(.data)
    C610_rotation_count                      0x20000094   Data           4  can1.o(.data)
    can_tx_success_flag                      0x20000098   Data           1  can1.o(.data)
    GripperMotor_205_t                       0x2000009a   Data           8  can1.o(.data)
    GripperMotor_201_t                       0x200000a2   Data           8  can1.o(.data)
    phase_2006                               0x200000ac   Data           4  can1.o(.data)
    phase_2006_bodan                         0x200000b0   Data           8  can1.o(.data)
    phase_mid_2006                           0x200000b8   Data           4  can1.o(.data)
    round_bodan_2006                         0x200000bc   Data           4  can1.o(.data)
    phase_6020                               0x200000c0   Data           8  can1.o(.data)
    round_6020_yaw                           0x200000c8   Data           4  can1.o(.data)
    anger_bodan_2006                         0x200000cc   Data           4  can1.o(.data)
    phase_6020_yaw                           0x200000d0   Data           4  can1.o(.data)
    angle_G2C                                0x200000d4   Data           4  can1.o(.data)
    Firction_201_t                           0x200000d8   Data           8  can2.o(.data)
    Firction_202_t                           0x200000e0   Data           8  can2.o(.data)
    Bodan_203_t                              0x200000e8   Data           8  can2.o(.data)
    Bodan_204_t                              0x200000f0   Data           8  can2.o(.data)
    phase_bodan                              0x200000f8   Data           4  can2.o(.data)
    phase                                    0x200000fc   Data           8  can2.o(.data)
    phase_mid                                0x20000104   Data           4  can2.o(.data)
    round_bodan                              0x20000108   Data           2  can2.o(.data)
    Quaternion                               0x2000010a   Data           8  can2.o(.data)
    angular_velocity                         0x20000112   Data           8  can2.o(.data)
    acceleration                             0x2000011a   Data           8  can2.o(.data)
    magnetic_field                           0x20000122   Data           6  can2.o(.data)
    anger_bodan                              0x20000128   Data           4  can2.o(.data)
    anger_bodan_min                          0x2000012c   Data           4  can2.o(.data)
    anger_pitch1                             0x20000130   Data           4  can2.o(.data)
    anger_yaw1                               0x20000134   Data           4  can2.o(.data)
    pitch_angle                              0x20000138   Data           8  can2.o(.data)
    ecd_206_rate                             0x20000140   Data           2  can2.o(.data)
    round_206                                0x20000142   Data           2  can2.o(.data)
    can2_tx_success_flag                     0x20000144   Data           1  can2.o(.data)
    calculated_crc                           0x2000014c   Data           2  uart3.o(.data)
    received_crc                             0x2000014e   Data           2  uart3.o(.data)
    Receive                                  0x20000150   Data           1  uart3.o(.data)
    controller_address                       0x20000151   Data           1  uart3.o(.data)
    function_code                            0x20000152   Data           1  uart3.o(.data)
    gripper_gm6020_position_control          0x20000154   Data           2  uart3.o(.data)
    gripper_c610_position_control            0x20000156   Data           2  uart3.o(.data)
    gripper_sts3032_position_control         0x20000158   Data           2  uart3.o(.data)
    last_sts3032_control_value               0x2000015a   Data           2  uart3.o(.data)
    reset_control                            0x2000015c   Data           2  uart3.o(.data)
    last_reset_control                       0x2000015e   Data           2  uart3.o(.data)
    gripper_gm6020_position_reset_offset     0x20000160   Data           2  uart3.o(.data)
    gripper_c610_position_reset_offset       0x20000162   Data           2  uart3.o(.data)
    gripper_sts3032_position_reset_offset    0x20000164   Data           2  uart3.o(.data)
    header_sequence                          0x20000166   Data           6  uart3.o(.data)
    header_match_index                       0x2000016c   Data           1  uart3.o(.data)
    tmp                                      0x20000170   Data           1  usart69050.o(.data)
    PITCH_IMU                                0x20000174   Data           4  usart69050.o(.data)
    com6_recv_length                         0x20000178   Data           2  usart69050.o(.data)
    temp                                     0x2000017a   Data           2  usart69050.o(.data)
    imu_flag                                 0x2000017c   Data           1  usart69050.o(.data)
    pitch                                    0x2000017e   Data           2  usart69050.o(.data)
    yaw                                      0x20000180   Data           2  usart69050.o(.data)
    roll                                     0x20000182   Data           2  usart69050.o(.data)
    f_pitch                                  0x20000184   Data           4  usart69050.o(.data)
    f_yaw                                    0x20000188   Data           4  usart69050.o(.data)
    f_roll                                   0x2000018c   Data           4  usart69050.o(.data)
    OS_CPU_ExceptStkBase                     0x20000194   Data           4  os_cpu_c.o(.data)
    OSPrioTbl                                0x20000198   Data           8  os_prio.o(.data)
    OS_AppTaskCreateHookPtr                  0x200001a0   Data           4  os_var.o(.data)
    OS_AppTaskDelHookPtr                     0x200001a4   Data           4  os_var.o(.data)
    OS_AppTaskReturnHookPtr                  0x200001a8   Data           4  os_var.o(.data)
    OS_AppIdleTaskHookPtr                    0x200001ac   Data           4  os_var.o(.data)
    OS_AppStatTaskHookPtr                    0x200001b0   Data           4  os_var.o(.data)
    OS_AppTaskSwHookPtr                      0x200001b4   Data           4  os_var.o(.data)
    OS_AppTimeTickHookPtr                    0x200001b8   Data           4  os_var.o(.data)
    OSIdleTaskCtr                            0x200001bc   Data           4  os_var.o(.data)
    OSIntNestingCtr                          0x200001c0   Data           1  os_var.o(.data)
    OSRunning                                0x200001c1   Data           1  os_var.o(.data)
    OSFlagDbgListPtr                         0x200001c4   Data           4  os_var.o(.data)
    OSFlagQty                                0x200001c8   Data           2  os_var.o(.data)
    OSMemDbgListPtr                          0x200001cc   Data           4  os_var.o(.data)
    OSMemQty                                 0x200001d0   Data           2  os_var.o(.data)
    OSMutexDbgListPtr                        0x200001d4   Data           4  os_var.o(.data)
    OSMutexQty                               0x200001d8   Data           2  os_var.o(.data)
    OSPrioCur                                0x200001da   Data           1  os_var.o(.data)
    OSPrioHighRdy                            0x200001db   Data           1  os_var.o(.data)
    OSPrioSaved                              0x200001dc   Data           1  os_var.o(.data)
    OSQDbgListPtr                            0x200001e0   Data           4  os_var.o(.data)
    OSQQty                                   0x200001e4   Data           2  os_var.o(.data)
    OSSchedLockTimeBegin                     0x200001e8   Data           4  os_var.o(.data)
    OSSchedLockTimeMax                       0x200001ec   Data           4  os_var.o(.data)
    OSSchedLockTimeMaxCur                    0x200001f0   Data           4  os_var.o(.data)
    OSSchedLockNestingCtr                    0x200001f4   Data           1  os_var.o(.data)
    OSSemDbgListPtr                          0x200001f8   Data           4  os_var.o(.data)
    OSSemQty                                 0x200001fc   Data           2  os_var.o(.data)
    OSStatResetFlag                          0x200001fe   Data           1  os_var.o(.data)
    OSStatTaskCPUUsage                       0x20000200   Data           2  os_var.o(.data)
    OSStatTaskCPUUsageMax                    0x20000202   Data           2  os_var.o(.data)
    OSStatTaskCtr                            0x20000204   Data           4  os_var.o(.data)
    OSStatTaskCtrMax                         0x20000208   Data           4  os_var.o(.data)
    OSStatTaskCtrRun                         0x2000020c   Data           4  os_var.o(.data)
    OSStatTaskRdy                            0x20000210   Data           1  os_var.o(.data)
    OSStatTaskTimeMax                        0x20000214   Data           4  os_var.o(.data)
    OSTaskCtxSwCtr                           0x20000218   Data           4  os_var.o(.data)
    OSTaskDbgListPtr                         0x2000021c   Data           4  os_var.o(.data)
    OSTaskQty                                0x20000220   Data           2  os_var.o(.data)
    OSTaskRegNextAvailID                     0x20000222   Data           1  os_var.o(.data)
    OSTickCtr                                0x20000224   Data           4  os_var.o(.data)
    OSTickTaskTimeMax                        0x20000228   Data           4  os_var.o(.data)
    OSTmrDbgListPtr                          0x2000022c   Data           4  os_var.o(.data)
    OSTmrQty                                 0x20000230   Data           2  os_var.o(.data)
    OSTmrTaskTimeMax                         0x20000234   Data           4  os_var.o(.data)
    OSTmrTickCtr                             0x20000238   Data           4  os_var.o(.data)
    OSTmrUpdateCnt                           0x2000023c   Data           4  os_var.o(.data)
    OSTmrUpdateCtr                           0x20000240   Data           4  os_var.o(.data)
    OSTCBCurPtr                              0x20000244   Data           4  os_var.o(.data)
    OSTCBHighRdyPtr                          0x20000248   Data           4  os_var.o(.data)
    sbus_rx_buffer                           0x2000024c   Data          40  uart1.o(.bss)
    TelCtrlData                              0x20000274   Data          20  uart1.o(.bss)
    currentPosition_snake                    0x20000288   Data          48  can1.o(.bss)
    offsetPosition_snake                     0x200002b8   Data          48  can1.o(.bss)
    currentSpeed_snake                       0x200002e8   Data          12  can1.o(.bss)
    Euler_angle                              0x200002f4   Data          12  can2.o(.bss)
    snake_motor_position_control             0x20000400   Data          48  uart3.o(.bss)
    snake_motor_speed_control                0x20000430   Data          48  uart3.o(.bss)
    IMU_Data                                 0x20000460   Data          41  usart69050.o(.bss)
    recv_buf                                 0x20000489   Data         100  usart69050.o(.bss)
    trans_buf                                0x200004ed   Data          10  usart69050.o(.bss)
    OSIdleTaskTCB                            0x200004f8   Data         196  os_var.o(.bss)
    OSMsgPool                                0x200005bc   Data          12  os_var.o(.bss)
    OSRdyList                                0x200005c8   Data         768  os_var.o(.bss)
    OSStatTaskTCB                            0x200008c8   Data         196  os_var.o(.bss)
    OSTickTaskTCB                            0x2000098c   Data         196  os_var.o(.bss)
    OSTmrTaskTCB                             0x20000a50   Data         196  os_var.o(.bss)
    __libspace_start                         0x20000b14   Data          96  libspace.o(.bss)
    __temporary_stack_top$libspace           0x20000b74   Data           0  libspace.o(.bss)



==============================================================================

Memory Map of the image

  Image Entry point : 0x080001ad

  Load Region LR_IROM1 (Base: 0x08000000, Size: 0x00003818, Max: 0x00200000, ABSOLUTE, COMPRESSED[0x000035f8])

    Execution Region ER_IROM1 (Exec base: 0x08000000, Load base: 0x08000000, Size: 0x000035cc, Max: 0x00200000, ABSOLUTE)

    Exec Addr    Load Addr    Size         Type   Attr      Idx    E Section Name        Object

    0x08000000   0x08000000   0x000001ac   Data   RO          513    RESET               startup_stm32f427xx.o
    0x080001ac   0x080001ac   0x00000008   Code   RO         8061  * !!!main             c_w.l(__main.o)
    0x080001b4   0x080001b4   0x00000034   Code   RO         8273    !!!scatter          c_w.l(__scatter.o)
    0x080001e8   0x080001e8   0x0000003a   Code   RO         8271    !!dczerorl          c_w.l(__dczerorl.o)
    0x08000222   0x08000222   0x00000002   PAD
    0x08000224   0x08000224   0x0000001c   Code   RO         8275    !!handler_zi        c_w.l(__scatter_zi.o)
    0x08000240   0x08000240   0x00000002   Code   RO         8141    .ARM.Collect$$libinit$$00000000  c_w.l(libinit.o)
    0x08000242   0x08000242   0x00000004   Code   RO         8153    .ARM.Collect$$libinit$$00000001  c_w.l(libinit2.o)
    0x08000246   0x08000246   0x00000000   Code   RO         8156    .ARM.Collect$$libinit$$00000004  c_w.l(libinit2.o)
    0x08000246   0x08000246   0x00000000   Code   RO         8159    .ARM.Collect$$libinit$$0000000A  c_w.l(libinit2.o)
    0x08000246   0x08000246   0x00000000   Code   RO         8161    .ARM.Collect$$libinit$$0000000C  c_w.l(libinit2.o)
    0x08000246   0x08000246   0x00000000   Code   RO         8163    .ARM.Collect$$libinit$$0000000E  c_w.l(libinit2.o)
    0x08000246   0x08000246   0x00000000   Code   RO         8166    .ARM.Collect$$libinit$$00000011  c_w.l(libinit2.o)
    0x08000246   0x08000246   0x00000000   Code   RO         8168    .ARM.Collect$$libinit$$00000013  c_w.l(libinit2.o)
    0x08000246   0x08000246   0x00000000   Code   RO         8170    .ARM.Collect$$libinit$$00000015  c_w.l(libinit2.o)
    0x08000246   0x08000246   0x00000000   Code   RO         8172    .ARM.Collect$$libinit$$00000017  c_w.l(libinit2.o)
    0x08000246   0x08000246   0x00000000   Code   RO         8174    .ARM.Collect$$libinit$$00000019  c_w.l(libinit2.o)
    0x08000246   0x08000246   0x00000000   Code   RO         8176    .ARM.Collect$$libinit$$0000001B  c_w.l(libinit2.o)
    0x08000246   0x08000246   0x00000000   Code   RO         8178    .ARM.Collect$$libinit$$0000001D  c_w.l(libinit2.o)
    0x08000246   0x08000246   0x00000000   Code   RO         8180    .ARM.Collect$$libinit$$0000001F  c_w.l(libinit2.o)
    0x08000246   0x08000246   0x00000000   Code   RO         8182    .ARM.Collect$$libinit$$00000021  c_w.l(libinit2.o)
    0x08000246   0x08000246   0x00000000   Code   RO         8184    .ARM.Collect$$libinit$$00000023  c_w.l(libinit2.o)
    0x08000246   0x08000246   0x00000000   Code   RO         8186    .ARM.Collect$$libinit$$00000025  c_w.l(libinit2.o)
    0x08000246   0x08000246   0x00000000   Code   RO         8190    .ARM.Collect$$libinit$$0000002C  c_w.l(libinit2.o)
    0x08000246   0x08000246   0x00000000   Code   RO         8192    .ARM.Collect$$libinit$$0000002E  c_w.l(libinit2.o)
    0x08000246   0x08000246   0x00000000   Code   RO         8194    .ARM.Collect$$libinit$$00000030  c_w.l(libinit2.o)
    0x08000246   0x08000246   0x00000000   Code   RO         8196    .ARM.Collect$$libinit$$00000032  c_w.l(libinit2.o)
    0x08000246   0x08000246   0x00000002   Code   RO         8197    .ARM.Collect$$libinit$$00000033  c_w.l(libinit2.o)
    0x08000248   0x08000248   0x00000002   Code   RO         8228    .ARM.Collect$$libshutdown$$00000000  c_w.l(libshutdown.o)
    0x0800024a   0x0800024a   0x00000000   Code   RO         8254    .ARM.Collect$$libshutdown$$00000002  c_w.l(libshutdown2.o)
    0x0800024a   0x0800024a   0x00000000   Code   RO         8256    .ARM.Collect$$libshutdown$$00000004  c_w.l(libshutdown2.o)
    0x0800024a   0x0800024a   0x00000000   Code   RO         8259    .ARM.Collect$$libshutdown$$00000007  c_w.l(libshutdown2.o)
    0x0800024a   0x0800024a   0x00000000   Code   RO         8262    .ARM.Collect$$libshutdown$$0000000A  c_w.l(libshutdown2.o)
    0x0800024a   0x0800024a   0x00000000   Code   RO         8264    .ARM.Collect$$libshutdown$$0000000C  c_w.l(libshutdown2.o)
    0x0800024a   0x0800024a   0x00000000   Code   RO         8267    .ARM.Collect$$libshutdown$$0000000F  c_w.l(libshutdown2.o)
    0x0800024a   0x0800024a   0x00000002   Code   RO         8268    .ARM.Collect$$libshutdown$$00000010  c_w.l(libshutdown2.o)
    0x0800024c   0x0800024c   0x00000000   Code   RO         8095    .ARM.Collect$$rtentry$$00000000  c_w.l(__rtentry.o)
    0x0800024c   0x0800024c   0x00000000   Code   RO         8112    .ARM.Collect$$rtentry$$00000002  c_w.l(__rtentry2.o)
    0x0800024c   0x0800024c   0x00000006   Code   RO         8124    .ARM.Collect$$rtentry$$00000004  c_w.l(__rtentry4.o)
    0x08000252   0x08000252   0x00000000   Code   RO         8114    .ARM.Collect$$rtentry$$00000009  c_w.l(__rtentry2.o)
    0x08000252   0x08000252   0x00000004   Code   RO         8115    .ARM.Collect$$rtentry$$0000000A  c_w.l(__rtentry2.o)
    0x08000256   0x08000256   0x00000000   Code   RO         8117    .ARM.Collect$$rtentry$$0000000C  c_w.l(__rtentry2.o)
    0x08000256   0x08000256   0x00000008   Code   RO         8118    .ARM.Collect$$rtentry$$0000000D  c_w.l(__rtentry2.o)
    0x0800025e   0x0800025e   0x00000002   Code   RO         8145    .ARM.Collect$$rtexit$$00000000  c_w.l(rtexit.o)
    0x08000260   0x08000260   0x00000000   Code   RO         8201    .ARM.Collect$$rtexit$$00000002  c_w.l(rtexit2.o)
    0x08000260   0x08000260   0x00000004   Code   RO         8202    .ARM.Collect$$rtexit$$00000003  c_w.l(rtexit2.o)
    0x08000264   0x08000264   0x00000006   Code   RO         8203    .ARM.Collect$$rtexit$$00000004  c_w.l(rtexit2.o)
    0x0800026a   0x0800026a   0x00000002   PAD
    0x0800026c   0x0800026c   0x00000040   Code   RO          514    .text               startup_stm32f427xx.o
    0x080002ac   0x080002ac   0x00000034   Code   RO         6649    .text               cpu_a.o
    0x080002e0   0x080002e0   0x00000006   Code   RO         8059    .text               c_w.l(heapauxi.o)
    0x080002e6   0x080002e6   0x0000004a   Code   RO         8128    .text               c_w.l(sys_stackheap_outer.o)
    0x08000330   0x08000330   0x00000012   Code   RO         8130    .text               c_w.l(exit.o)
    0x08000342   0x08000342   0x00000002   PAD
    0x08000344   0x08000344   0x00000008   Code   RO         8142    .text               c_w.l(libspace.o)
    0x0800034c   0x0800034c   0x0000000c   Code   RO         8198    .text               c_w.l(sys_exit.o)
    0x08000358   0x08000358   0x00000002   Code   RO         8217    .text               c_w.l(use_no_semi.o)
    0x0800035a   0x0800035a   0x00000000   Code   RO         8219    .text               c_w.l(indicate_semi.o)
    0x0800035a   0x0800035a   0x00000002   PAD
    0x0800035c   0x0800035c   0x000000ac   Code   RO         6832    CODE                os_cpu_a.o
    0x08000408   0x08000408   0x00000004   Code   RO          194    i.BusFault_Handler  stm32f4xx_it.o
    0x0800040c   0x0800040c   0x00000694   Code   RO         5578    i.CAN1_RX0_IRQHandler  can1.o
    0x08000aa0   0x08000aa0   0x0000002c   Code   RO         5579    i.CAN1_TX_IRQHandler  can1.o
    0x08000acc   0x08000acc   0x00000294   Code   RO         5739    i.CAN2_RX0_IRQHandler  can2.o
    0x08000d60   0x08000d60   0x0000002c   Code   RO         5740    i.CAN2_TX_IRQHandler  can2.o
    0x08000d8c   0x08000d8c   0x000000a8   Code   RO          808    i.CAN_ClearITPendingBit  stm32f4xx_can.o
    0x08000e34   0x08000e34   0x00000120   Code   RO          814    i.CAN_GetITStatus   stm32f4xx_can.o
    0x08000f54   0x08000f54   0x000000f0   Code   RO          822    i.CAN_Receive       stm32f4xx_can.o
    0x08001044   0x08001044   0x00000126   Code   RO          827    i.CAN_Transmit      stm32f4xx_can.o
    0x0800116a   0x0800116a   0x00000002   PAD
    0x0800116c   0x0800116c   0x0000000c   Code   RO         6203    i.CPU_TS_TmrRd      bsp.o
    0x08001178   0x08001178   0x00000012   Code   RO          830    i.CheckITStatus     stm32f4xx_can.o
    0x0800118a   0x0800118a   0x00000002   PAD
    0x0800118c   0x0800118c   0x0000002c   Code   RO          195    i.DMA2_Stream6_IRQHandler  stm32f4xx_it.o
    0x080011b8   0x080011b8   0x00000034   Code   RO         1513    i.DMA_ClearFlag     stm32f4xx_dma.o
    0x080011ec   0x080011ec   0x00000016   Code   RO         1515    i.DMA_Cmd           stm32f4xx_dma.o
    0x08001202   0x08001202   0x00000002   PAD
    0x08001204   0x08001204   0x00000158   Code   RO         1516    i.DMA_DeInit        stm32f4xx_dma.o
    0x0800135c   0x0800135c   0x00000014   Code   RO         1522    i.DMA_GetCurrentMemoryTarget  stm32f4xx_dma.o
    0x08001370   0x08001370   0x0000003a   Code   RO         1526    i.DMA_ITConfig      stm32f4xx_dma.o
    0x080013aa   0x080013aa   0x00000002   PAD
    0x080013ac   0x080013ac   0x00000058   Code   RO         1527    i.DMA_Init          stm32f4xx_dma.o
    0x08001404   0x08001404   0x00000002   Code   RO          196    i.DebugMon_Handler  stm32f4xx_it.o
    0x08001406   0x08001406   0x00000090   Code   RO         2300    i.GPIO_Init         stm32f4xx_gpio.o
    0x08001496   0x08001496   0x00000046   Code   RO         2301    i.GPIO_PinAFConfig  stm32f4xx_gpio.o
    0x080014dc   0x080014dc   0x00000004   Code   RO          197    i.HardFault_Handler  stm32f4xx_it.o
    0x080014e0   0x080014e0   0x00000004   Code   RO          198    i.MemManage_Handler  stm32f4xx_it.o
    0x080014e4   0x080014e4   0x00000002   Code   RO          199    i.NMI_Handler       stm32f4xx_it.o
    0x080014e6   0x080014e6   0x00000002   PAD
    0x080014e8   0x080014e8   0x00000078   Code   RO          520    i.NVIC_Init         misc.o
    0x08001560   0x08001560   0x00000014   Code   RO          521    i.NVIC_PriorityGroupConfig  misc.o
    0x08001574   0x08001574   0x0000002c   Code   RO         6945    i.OSIntEnter        os_core.o
    0x080015a0   0x080015a0   0x000000dc   Code   RO         6946    i.OSIntExit         os_core.o
    0x0800167c   0x0800167c   0x000000a0   Code   RO         6947    i.OSSched           os_core.o
    0x0800171c   0x0800171c   0x00000074   Code   RO         6948    i.OSSchedLock       os_core.o
    0x08001790   0x08001790   0x00000094   Code   RO         6949    i.OSSchedUnlock     os_core.o
    0x08001824   0x08001824   0x0000003e   Code   RO         7639    i.OSTaskSemPost     os_task.o
    0x08001862   0x08001862   0x00000002   PAD
    0x08001864   0x08001864   0x00000088   Code   RO         6844    i.OSTaskSwHook      os_cpu_c.o
    0x080018ec   0x080018ec   0x00000044   Code   RO         7841    i.OSTimeTick        os_time.o
    0x08001930   0x08001930   0x00000014   Code   RO         6845    i.OSTimeTickHook    os_cpu_c.o
    0x08001944   0x08001944   0x00000024   Code   RO         6959    i.OS_PendDbgNameRemove  os_core.o
    0x08001968   0x08001968   0x00000030   Code   RO         6964    i.OS_PendListRemove  os_core.o
    0x08001998   0x08001998   0x00000042   Code   RO         6965    i.OS_PendListRemove1  os_core.o
    0x080019da   0x080019da   0x000000c0   Code   RO         6968    i.OS_Post           os_core.o
    0x08001a9a   0x08001a9a   0x0000002a   Code   RO         6969    i.OS_Post1          os_core.o
    0x08001ac4   0x08001ac4   0x00000028   Code   RO         7415    i.OS_PrioGetHighest  os_prio.o
    0x08001aec   0x08001aec   0x00000024   Code   RO         7417    i.OS_PrioInsert     os_prio.o
    0x08001b10   0x08001b10   0x0000002c   Code   RO         6971    i.OS_RdyListInsert  os_core.o
    0x08001b3c   0x08001b3c   0x00000040   Code   RO         6972    i.OS_RdyListInsertHead  os_core.o
    0x08001b7c   0x08001b7c   0x0000003c   Code   RO         6973    i.OS_RdyListInsertTail  os_core.o
    0x08001bb8   0x08001bb8   0x0000001c   Code   RO         6976    i.OS_SchedLockTimeMeasStart  os_core.o
    0x08001bd4   0x08001bd4   0x0000003c   Code   RO         6977    i.OS_SchedLockTimeMeasStop  os_core.o
    0x08001c10   0x08001c10   0x0000001c   Code   RO         6979    i.OS_TaskRdy        os_core.o
    0x08001c2c   0x08001c2c   0x000001c4   Code   RO         7650    i.OS_TaskSemPost    os_task.o
    0x08001df0   0x08001df0   0x00000038   Code   RO         7790    i.OS_TickListRemove  os_tick.o
    0x08001e28   0x08001e28   0x00000020   Code   RO         3173    i.RCC_AHB1PeriphClockCmd  stm32f4xx_rcc.o
    0x08001e48   0x08001e48   0x00000020   Code   RO         3184    i.RCC_APB1PeriphResetCmd  stm32f4xx_rcc.o
    0x08001e68   0x08001e68   0x00000020   Code   RO         3185    i.RCC_APB2PeriphClockCmd  stm32f4xx_rcc.o
    0x08001e88   0x08001e88   0x00000020   Code   RO         3187    i.RCC_APB2PeriphResetCmd  stm32f4xx_rcc.o
    0x08001ea8   0x08001ea8   0x000000e8   Code   RO         3194    i.RCC_GetClocksFreq  stm32f4xx_rcc.o
    0x08001f90   0x08001f90   0x000002e8   Code   RO         5510    i.RemoteDataProcess  uart1.o
    0x08002278   0x08002278   0x00000002   Code   RO          200    i.SVC_Handler       stm32f4xx_it.o
    0x0800227a   0x0800227a   0x00000002   PAD
    0x0800227c   0x0800227c   0x00000120   Code   RO          282    i.SetSysClock       system_stm32f4xx.o
    0x0800239c   0x0800239c   0x00000038   Code   RO         5322    i.SysTick_Handler   delay.o
    0x080023d4   0x080023d4   0x00000068   Code   RO          284    i.SystemInit        system_stm32f4xx.o
    0x0800243c   0x0800243c   0x000000a8   Code   RO         5513    i.USART1_IRQHandler  uart1.o
    0x080024e4   0x080024e4   0x00000434   Code   RO         5798    i.USART3_IRQHandler  uart3.o
    0x08002918   0x08002918   0x00000074   Code   RO         6155    i.USART6_IRQHandler  usart69050.o
    0x0800298c   0x0800298c   0x000001cc   Code   RO         6156    i.USART6_init       usart69050.o
    0x08002b58   0x08002b58   0x00000012   Code   RO         5069    i.USART_ClearFlag   stm32f4xx_usart.o
    0x08002b6a   0x08002b6a   0x0000001e   Code   RO         5070    i.USART_ClearITPendingBit  stm32f4xx_usart.o
    0x08002b88   0x08002b88   0x00000018   Code   RO         5073    i.USART_Cmd         stm32f4xx_usart.o
    0x08002ba0   0x08002ba0   0x00000012   Code   RO         5074    i.USART_DMACmd      stm32f4xx_usart.o
    0x08002bb2   0x08002bb2   0x00000002   PAD
    0x08002bb4   0x08002bb4   0x000000f0   Code   RO         5075    i.USART_DeInit      stm32f4xx_usart.o
    0x08002ca4   0x08002ca4   0x0000001a   Code   RO         5076    i.USART_GetFlagStatus  stm32f4xx_usart.o
    0x08002cbe   0x08002cbe   0x00000054   Code   RO         5077    i.USART_GetITStatus  stm32f4xx_usart.o
    0x08002d12   0x08002d12   0x0000004a   Code   RO         5079    i.USART_ITConfig    stm32f4xx_usart.o
    0x08002d5c   0x08002d5c   0x000000d4   Code   RO         5080    i.USART_Init        stm32f4xx_usart.o
    0x08002e30   0x08002e30   0x0000000a   Code   RO         5087    i.USART_ReceiveData  stm32f4xx_usart.o
    0x08002e3a   0x08002e3a   0x00000004   Code   RO          201    i.UsageFault_Handler  stm32f4xx_it.o
    0x08002e3e   0x08002e3e   0x00000002   PAD
    0x08002e40   0x08002e40   0x0000002c   Code   RO         5799    i.calc_crc16_modbus  uart3.o
    0x08002e6c   0x08002e6c   0x00000060   Code   RO         5325    i.delay_us          delay.o
    0x08002ecc   0x08002ecc   0x000000a0   Code   RO         6157    i.imu_eulrangle_resolve  usart69050.o
    0x08002f6c   0x08002f6c   0x00000010   Code   RO            3    i.main              main.o
    0x08002f7c   0x08002f7c   0x00000050   Code   RO         5582    i.motorEnable       can1.o
    0x08002fcc   0x08002fcc   0x00000050   Code   RO         5587    i.setMotorTargetAcspeed  can1.o
    0x0800301c   0x0800301c   0x00000050   Code   RO         5588    i.setMotorTargetCurrent  can1.o
    0x0800306c   0x0800306c   0x00000050   Code   RO         5589    i.setMotorTargetDespeed  can1.o
    0x080030bc   0x080030bc   0x00000050   Code   RO         5591    i.setMotorTargetSpeed  can1.o
    0x0800310c   0x0800310c   0x00000062   Code   RO         8063    x$fpl$d2f           fz_wm.l(d2f.o)
    0x0800316e   0x0800316e   0x0000002e   Code   RO         8080    x$fpl$dflt          fz_wm.l(dflt_clz.o)
    0x0800319c   0x0800319c   0x00000154   Code   RO         8085    x$fpl$dmul          fz_wm.l(dmul.o)
    0x080032f0   0x080032f0   0x0000009c   Code   RO         8102    x$fpl$dnaninf       fz_wm.l(dnaninf.o)
    0x0800338c   0x0800338c   0x0000000c   Code   RO         8104    x$fpl$dretinf       fz_wm.l(dretinf.o)
    0x08003398   0x08003398   0x0000000a   Code   RO         8213    x$fpl$fpinit        fz_wm.l(fpinit.o)
    0x080033a2   0x080033a2   0x0000000a   Code   RO         8108    x$fpl$fretinf       fz_wm.l(fretinf.o)
    0x080033ac   0x080033ac   0x00000000   Code   RO         8110    x$fpl$usenofp       fz_wm.l(usenofp.o)
    0x080033ac   0x080033ac   0x00000200   Data   RO         5802    .constdata          uart3.o
    0x080035ac   0x080035ac   0x00000020   Data   RO         8269    Region$$Table       anon$$obj.o


    Execution Region RW_IRAM1 (Exec base: 0x20000000, Load base: 0x080035cc, Size: 0x00001178, Max: 0x00030000, ABSOLUTE, COMPRESSED[0x0000002c])

    Exec Addr    Load Addr    Size         Type   Attr      Idx    E Section Name        Object

    0x20000000   COMPRESSED   0x00000010   Data   RW         3226    .data               stm32f4xx_rcc.o
    0x20000010   COMPRESSED   0x00000004   Data   RW         5326    .data               delay.o
    0x20000014   COMPRESSED   0x00000059   Data   RW         5515    .data               uart1.o
    0x2000006d   COMPRESSED   0x00000003   PAD
    0x20000070   COMPRESSED   0x00000068   Data   RW         5593    .data               can1.o
    0x200000d8   COMPRESSED   0x0000006d   Data   RW         5745    .data               can2.o
    0x20000145   COMPRESSED   0x00000001   PAD
    0x20000146   COMPRESSED   0x00000027   Data   RW         5803    .data               uart3.o
    0x2000016d   COMPRESSED   0x00000003   PAD
    0x20000170   COMPRESSED   0x00000022   Data   RW         6159    .data               usart69050.o
    0x20000192   COMPRESSED   0x00000002   PAD
    0x20000194   COMPRESSED   0x00000004   Data   RW         6848    .data               os_cpu_c.o
    0x20000198   COMPRESSED   0x00000008   Data   RW         7419    .data               os_prio.o
    0x200001a0   COMPRESSED   0x000000ac   Data   RW         7969    .data               os_var.o
    0x2000024c        -       0x0000003c   Zero   RW         5514    .bss                uart1.o
    0x20000288        -       0x0000006c   Zero   RW         5592    .bss                can1.o
    0x200002f4        -       0x0000000c   Zero   RW         5744    .bss                can2.o
    0x20000300        -       0x00000160   Zero   RW         5801    .bss                uart3.o
    0x20000460        -       0x00000097   Zero   RW         6158    .bss                usart69050.o
    0x200004f7   COMPRESSED   0x00000001   PAD
    0x200004f8        -       0x0000061c   Zero   RW         7968    .bss                os_var.o
    0x20000b14        -       0x00000060   Zero   RW         8143    .bss                c_w.l(libspace.o)
    0x20000b74   COMPRESSED   0x00000004   PAD
    0x20000b78        -       0x00000200   Zero   RW          512    HEAP                startup_stm32f427xx.o
    0x20000d78        -       0x00000400   Zero   RW          511    STACK               startup_stm32f427xx.o


==============================================================================

Image component sizes


      Code (inc. data)   RO Data    RW Data    ZI Data      Debug   Object Name

        12          6          0          0          0        519   bsp.o
      2128         78          0        104        108       8540   can1.o
       704         32          0        109         12       3724   can2.o
        52          0          0          0          0        336   cpu_a.o
       152         10          0          4          0       1421   delay.o
        16          0          0          0          0     317591   main.o
       140         24          0          0          0       1759   misc.o
      1356        148          0          0          0      11039   os_core.o
       172         32          0          0          0        404   os_cpu_a.o
       156         20          0          4          0       2031   os_cpu_c.o
        76          8          0          8          0       1796   os_prio.o
       514         12          0          0          0       2365   os_task.o
        56          0          0          0          0        716   os_tick.o
        68         18          0          0          0        561   os_time.o
         0          0          0        172       1564      17997   os_var.o
        64         26        428          0       1536        848   startup_stm32f427xx.o
      1008         10          0          0          0       4695   stm32f4xx_can.o
       584         40          0          0          0       5458   stm32f4xx_dma.o
       214          0          0          0          0       1987   stm32f4xx_gpio.o
        66         10          0          0          0       3653   stm32f4xx_it.o
       360         42          0         16          0       5644   stm32f4xx_rcc.o
       736         42          0          0          0       8170   stm32f4xx_usart.o
       392         32          0          0          0       1497   system_stm32f4xx.o
       912         58          0         89         60       3850   uart1.o
      1120         80        512         39        352       4526   uart3.o
       736         74          0         34        151       3504   usart69050.o

    ----------------------------------------------------------------------
     11812        802        972        588       3784     414631   Object Totals
         0          0         32          0          0          0   (incl. Generated)
        18          0          0          9          1          0   (incl. Padding)

    ----------------------------------------------------------------------

      Code (inc. data)   RO Data    RW Data    ZI Data      Debug   Library Member Name

        58          0          0          0          0          0   __dczerorl.o
         8          0          0          0          0         68   __main.o
         0          0          0          0          0          0   __rtentry.o
        12          0          0          0          0          0   __rtentry2.o
         6          0          0          0          0          0   __rtentry4.o
        52          8          0          0          0          0   __scatter.o
        28          0          0          0          0          0   __scatter_zi.o
        18          0          0          0          0         80   exit.o
         6          0          0          0          0        152   heapauxi.o
         0          0          0          0          0          0   indicate_semi.o
         2          0          0          0          0          0   libinit.o
         6          0          0          0          0          0   libinit2.o
         2          0          0          0          0          0   libshutdown.o
         2          0          0          0          0          0   libshutdown2.o
         8          4          0          0         96         68   libspace.o
         2          0          0          0          0          0   rtexit.o
        10          0          0          0          0          0   rtexit2.o
        12          4          0          0          0         68   sys_exit.o
        74          0          0          0          0         80   sys_stackheap_outer.o
         2          0          0          0          0         68   use_no_semi.o
        98          4          0          0          0        140   d2f.o
        46          0          0          0          0        116   dflt_clz.o
       340         12          0          0          0        152   dmul.o
       156          4          0          0          0        140   dnaninf.o
        12          0          0          0          0        116   dretinf.o
        10          0          0          0          0        116   fpinit.o
        10          0          0          0          0        116   fretinf.o
         0          0          0          0          0          0   usenofp.o

    ----------------------------------------------------------------------
       988         36          0          0        100       1480   Library Totals
         8          0          0          0          4          0   (incl. Padding)

    ----------------------------------------------------------------------

      Code (inc. data)   RO Data    RW Data    ZI Data      Debug   Library Name

       308         16          0          0         96        584   c_w.l
       672         20          0          0          0        896   fz_wm.l

    ----------------------------------------------------------------------
       988         36          0          0        100       1480   Library Totals

    ----------------------------------------------------------------------

==============================================================================


      Code (inc. data)   RO Data    RW Data    ZI Data      Debug   

     12800        838        972        588       3884     407655   Grand Totals
     12800        838        972         44       3884     407655   ELF Image Totals (compressed)
     12800        838        972         44          0          0   ROM Totals

==============================================================================

    Total RO  Size (Code + RO Data)                13772 (  13.45kB)
    Total RW  Size (RW Data + ZI Data)              4472 (   4.37kB)
    Total ROM Size (Code + RO Data + RW Data)      13816 (  13.49kB)

==============================================================================

